Microchip MPLAB XC8 Compiler V2.20

Linker command line:

-W-3 --edf=C:\Program Files\Microchip\xc8\v2.20\pic\dat\en_msgs.txt -cn \
  -h+dist/default/production\ecos03_base.X.production.sym \
  --cmf=dist/default/production\ecos03_base.X.production.cmf -z -Q18F4520 \
  -oC:\Users\laura\AppData\Local\Temp\shgs.2 --defsym=__MPLAB_BUILD=1 \
  -Mdist/default/production/ecos03_base.X.production.map -E1 \
  -ver=XC8 Compiler --acfsm=1493 -ASTACK=0C4h-05FFh -pstack=STACK \
  -ACODE=00h-07FFFh -ACONST=00h-07FFFh -ASMALLCONST=0600h-06FFhx122 \
  -AMEDIUMCONST=0600h-07FFFh -ACOMRAM=01h-07Fh -AABS1=00h-05FFh \
  -ABIGRAM=01h-05FFh -ARAM=080h-0FFh,0100h-01FFhx5 -ABANK0=080h-0FFh \
  -ABANK1=0100h-01FFh -ABANK2=0200h-02FFh -ABANK3=0300h-03FFh \
  -ABANK4=0400h-04FFh -ABANK5=0500h-05FFh -ASFR=0F80h-0FFFh \
  -ACONFIG=0300000h-030000Dh -AIDLOC=0200000h-0200007h \
  -preset_vec=00h,intcode=08h,intcodelo,powerup,init -pramtop=0600h \
  -psmallconst=SMALLCONST -pmediumconst=MEDIUMCONST -pconst=CONST \
  -AFARRAM=00h-00h -AEEDATA=0F00000h-0F000FFh -peeprom_data=EEDATA \
  -prdata=COMRAM,nvrram=COMRAM,nvbit=COMRAM,rbss=COMRAM,rbit=COMRAM \
  -pfarbss=FARRAM,fardata=FARRAM,nvFARRAM=FARRAM \
  -pintsave_regs=BIGRAM,bigbss=BIGRAM,bigdata=BIGRAM -pbss=RAM \
  -pidata=CODE,irdata=CODE,ibigdata=CODE,ifardata=CODE -prparam=COMRAM \
  C:\Users\laura\AppData\Local\Temp\shgs.o \
  dist/default/production\ecos03_base.X.production.o 

Object code version is 3.11

Machine type is 18F4520



                Name                               Link     Load   Length Selector   Space Scale
C:\Users\laura\AppData\Local\Temp\shgs.o
                idloc                            200000   200000        8        0       5
                config                           300000   300000        E        0       4
                init                                  E        E        4        4       0
                reset_vec                             0        0        4        0       0
dist/default/production\ecos03_base.X.production.o
                intcode                               8        8        6        4       0
                idloc                            200000   200000        8        0       5
                config                           300000   300000        E        0       4
                temp                                 65       65        1        1       1
                smallconst                          600      600       12      300       0
                text34                             1506     1506       B0      309       0
                text33                             165A     165A       94      309       0
                intcode_body                       18A8     18A8       52      309       0
                text31                             19A8     19A8       2A      309       0
                text30                             197E     197E       2A      309       0
                text29                             1A66     1A66        A      309       0
                text28                             1A06     1A06       18      309       0
                text27                             19D2     19D2       1C      309       0
                text26                              B1E      B1E      24E      309       0
                text25                             16EE     16EE       7E      309       0
                text24                              8D0      8D0      24E      309       0
                text23                             176C     176C       78      309       0
                text22                             1A5C     1A5C        A      309       0
                text21                             1A52     1A52        A      309       0
                text20                             1A48     1A48        A      309       0
                text19                             1A3E     1A3E        A      309       0
                text18                             1854     1854       54      309       0
                text17                             1114     1114      17A      309       0
                text16                             1A8E     1A8E        6      309       0
                text15                             1A34     1A34        A      309       0
                text14                             1A1E     1A1E       16      309       0
                text13                             1A88     1A88        6      309       0
                text12                             1A94     1A94        4      309       0
                text11                             1A80     1A80        8      309       0
                text10                             1A78     1A78        8      309       0
                text9                              1392     1392       C4      309       0
                text8                              1456     1456       B0      309       0
                text7                              15B6     15B6       A4      309       0
                text6                              17E4     17E4       70      309       0
                text5                               612      612      2BE      309       0
                text4                              1940     1940       3E      309       0
                text3                               D6C      D6C      1E8      309       0
                text2                               F54      F54      1C0      309       0
                text1                              1A70     1A70        8      309       0
                text0                              128E     128E      104      309       0
                cstackCOMRAM                         33       33       2E        1       1
                cstackBANK0                          98       98       18       80       1
                dataBANK0                            80       80       18       80       1
                bssBANK0                             B0       B0       14       80       1
                bssCOMRAM                             1        1       32        1       1
                cinit                              18FA     18FA       46      309       0
                nvCOMRAM                             61       61        4        1       1
                idataBANK0                         19EE     19EE       18      309       0

TOTAL           Name                               Link     Load   Length     Space
        CLASS   STACK          

        CLASS   CODE           
                intcode                               8        8        6         0
                init                                  E        E        4         0
                reset_vec                             0        0        4         0
                text34                             1506     1506       B0         0
                text33                             165A     165A       94         0
                intcode_body                       18A8     18A8       52         0
                text31                             19A8     19A8       2A         0
                text30                             197E     197E       2A         0
                text29                             1A66     1A66        A         0
                text28                             1A06     1A06       18         0
                text27                             19D2     19D2       1C         0
                text26                              B1E      B1E      24E         0
                text25                             16EE     16EE       7E         0
                text24                              8D0      8D0      24E         0
                text23                             176C     176C       78         0
                text22                             1A5C     1A5C        A         0
                text21                             1A52     1A52        A         0
                text20                             1A48     1A48        A         0
                text19                             1A3E     1A3E        A         0
                text18                             1854     1854       54         0
                text17                             1114     1114      17A         0
                text16                             1A8E     1A8E        6         0
                text15                             1A34     1A34        A         0
                text14                             1A1E     1A1E       16         0
                text13                             1A88     1A88        6         0
                text12                             1A94     1A94        4         0
                text11                             1A80     1A80        8         0
                text10                             1A78     1A78        8         0
                text9                              1392     1392       C4         0
                text8                              1456     1456       B0         0
                text7                              15B6     15B6       A4         0
                text6                              17E4     17E4       70         0
                text5                               612      612      2BE         0
                text4                              1940     1940       3E         0
                text3                               D6C      D6C      1E8         0
                text2                               F54      F54      1C0         0
                text1                              1A70     1A70        8         0
                text0                              128E     128E      104         0
                cinit                              18FA     18FA       46         0
                idataBANK0                         19EE     19EE       18         0

        CLASS   CONST          

        CLASS   SMALLCONST     
                smallconst                          600      600       12         0

        CLASS   MEDIUMCONST    

        CLASS   COMRAM         
                temp                                 65       65        1         1
                cstackCOMRAM                         33       33       2E         1
                bssCOMRAM                             1        1       32         1
                nvCOMRAM                             61       61        4         1

        CLASS   ABS1           

        CLASS   BIGRAM         

        CLASS   RAM            

        CLASS   BANK0          
                cstackBANK0                          98       98       18         1
                dataBANK0                            80       80       18         1
                bssBANK0                             B0       B0       14         1

        CLASS   BANK1          

        CLASS   BANK2          

        CLASS   BANK3          

        CLASS   BANK4          

        CLASS   BANK5          

        CLASS   SFR            

        CLASS   CONFIG         
                config                           300000   300000        E         4

        CLASS   IDLOC          
                idloc                            200000   200000        8         5

        CLASS   FARRAM         

        CLASS   EEDATA         



SEGMENTS        Name                           Load    Length   Top    Selector   Space  Class

                reset_vec                      000000  000004  000004         0       0  CODE    
                bssCOMRAM                      000001  000065  000066         1       1  COMRAM  
                intcode                        000008  00000A  000012         4       0  CODE    
                dataBANK0                      000080  000044  0000C4        80       1  BANK0   
                smallconst                     000600  000012  000612       300       0  SMALLCON
                text5                          000612  001486  001A98       309       0  CODE    


UNUSED ADDRESS RANGES

        Name                Unused          Largest block    Delta
        BANK0            0000C4-0000FF               3C
        BANK1            000100-0001FF              100
        BANK2            000200-0002FF              100
        BANK3            000300-0003FF              100
        BANK4            000400-0004FF              100
        BANK5            000500-0005FF              100
        BIGRAM           000066-00007F               1A
                         0000C4-0005FF              53C
        CODE             000004-000007                4
                         000012-0005FF              5EE
                         001A98-007FFF             6568
        COMRAM           000066-00007F               1A
        CONST            000004-000007                4
                         000012-0005FF              5EE
                         001A98-007FFF             6568
        EEDATA           F00000-F000FF              100
        MEDIUMCONST      001A98-007FFF             6568
        RAM              0000C4-0005FF              100
        SFR              000F80-000FFF               80
        SMALLCONST       001A98-007FFF              100
        STACK            0000C4-0005FF              53C

                                  Symbol Table

?___awdiv                 cstackCOMRAM 000042
?___awmod                 cstackCOMRAM 00004A
?_getKeypadDriver         cstackCOMRAM 000042
?_getLcdDriver            cstackCOMRAM 000042
?_kpRead                  cstackCOMRAM 000042
?i2___awmod               cstackCOMRAM 000033
Delay2ms@i                cstackCOMRAM 000043
Delay40us@i               cstackCOMRAM 000042
KernelClock@proc          cstackCOMRAM 00003B
_ADCON0                   (abs)        000FC2
_ADCON2                   (abs)        000FC0
_ADRESH                   (abs)        000FC4
_ADRESL                   (abs)        000FC3
_BAUDCON                  (abs)        000FB8
_CCP1CON                  (abs)        000FBD
_CCPR1L                   (abs)        000FBE
_Delay2ms                 text27       0019D2
_Delay40us                text28       001A06
_INTCON                   (abs)        000FF2
_ISR                      intcode      000008
_KernelClock              text33       00165A
_PIR1                     (abs)        000F9E
_PORTA                    (abs)        000F80
_PORTB                    (abs)        000F81
_PORTC                    (abs)        000F82
_PORTD                    (abs)        000F83
_PORTE                    (abs)        000F84
_PR2                      (abs)        000FCB
_RCON                     (abs)        000FD0
_RCREG                    (abs)        000FAE
_RCSTA                    (abs)        000FAB
_SPBRG                    (abs)        000FAF
_SPBRGH                   (abs)        000FB0
_T0CON                    (abs)        000FD5
_T2CON                    (abs)        000FCA
_TMR0H                    (abs)        000FD7
_TMR0L                    (abs)        000FD6
_TRISA                    (abs)        000F92
_TRISB                    (abs)        000F93
_TRISC                    (abs)        000F94
_TRISD                    (abs)        000F95
_TRISE                    (abs)        000F96
_TXREG                    (abs)        000FAD
_TXSTA                    (abs)        000FAC
__HRAM                    (abs)        000000
__Habs1                   abs1         000000
__Hbank0                  bank0        000000
__Hbank1                  bank1        000000
__Hbank2                  bank2        000000
__Hbank3                  bank3        000000
__Hbank4                  bank4        000000
__Hbank5                  bank5        000000
__Hbigbss                 bigbss       000000
__Hbigdata                bigdata      000000
__Hbigram                 bigram       000000
__Hbss                    bss          000000
__HbssBANK0               bssBANK0     000000
__HbssCOMRAM              bssCOMRAM    000000
__Hcinit                  cinit        000000
__Hclrtext                clrtext      000000
__Hcomram                 comram       000000
__Hconfig                 config       30000E
__Hconst                  const        000000
__HcstackBANK0            cstackBANK0  000000
__HcstackCOMRAM           cstackCOMRAM 000000
__Hdata                   data         000000
__HdataBANK0              dataBANK0    000000
__Heeprom_data            eeprom_data  000000
__Hfarbss                 farbss       000000
__Hfardata                fardata      000000
__Hibigdata               ibigdata     000000
__Hidata                  idata        000000
__HidataBANK0             idataBANK0   000000
__Hidloc                  idloc        200008
__Hifardata               ifardata     000000
__Hinit                   init         000012
__Hintcode                intcode      00000E
__Hintcode_body           intcode_body 000000
__Hintcodelo              intcodelo    00000E
__Hintentry               intentry     000000
__Hintret                 intret       000000
__Hintsave_regs           intsave_regs 000000
__Hirdata                 irdata       000000
__Hmediumconst            mediumconst  000000
__HnvCOMRAM               nvCOMRAM     000000
__HnvFARRAM               nvFARRAM     000000
__Hnvbit                  nvbit        000000
__Hnvrram                 nvrram       000000
__Hparam                  rparam       000000
__Hpowerup                powerup      00000E
__Hram                    ram          000000
__Hramtop                 ramtop       000600
__Hrbit                   rbit         000000
__Hrbss                   rbss         000000
__Hrdata                  rdata        000000
__Hreset_vec              reset_vec    000004
__Hrparam                 rparam       000000
__Hsfr                    sfr          000000
__Hsmallconst             smallconst   000612
__Hspace_0                (abs)        001A98
__Hspace_1                (abs)        0000C4
__Hspace_2                (abs)        000000
__Hspace_4                (abs)        60000E
__Hstack                  stack        000000
__Hstruct                 struct       000000
__Htemp                   temp         000066
__Htext                   text         000000
__Htext0                  text0        000000
__Htext1                  text1        000000
__Htext10                 text10       000000
__Htext11                 text11       000000
__Htext12                 text12       000000
__Htext13                 text13       000000
__Htext14                 text14       000000
__Htext15                 text15       000000
__Htext16                 text16       000000
__Htext17                 text17       000000
__Htext18                 text18       000000
__Htext19                 text19       000000
__Htext2                  text2        000000
__Htext20                 text20       000000
__Htext21                 text21       000000
__Htext22                 text22       000000
__Htext23                 text23       000000
__Htext24                 text24       000000
__Htext25                 text25       000000
__Htext26                 text26       000000
__Htext27                 text27       000000
__Htext28                 text28       000000
__Htext29                 text29       000000
__Htext3                  text3        000000
__Htext30                 text30       000000
__Htext31                 text31       000000
__Htext33                 text33       000000
__Htext34                 text34       000000
__Htext35                 text35       000000
__Htext4                  text4        000000
__Htext5                  text5        000000
__Htext6                  text6        000000
__Htext7                  text7        000000
__Htext8                  text8        000000
__Htext9                  text9        000000
__LRAM                    (abs)        000001
__Labs1                   abs1         000000
__Lbank0                  bank0        000000
__Lbank1                  bank1        000000
__Lbank2                  bank2        000000
__Lbank3                  bank3        000000
__Lbank4                  bank4        000000
__Lbank5                  bank5        000000
__Lbigbss                 bigbss       000000
__Lbigdata                bigdata      000000
__Lbigram                 bigram       000000
__Lbss                    bss          000000
__LbssBANK0               bssBANK0     000000
__LbssCOMRAM              bssCOMRAM    000000
__Lcinit                  cinit        000000
__Lclrtext                clrtext      000000
__Lcomram                 comram       000000
__Lconfig                 config       000000
__Lconst                  const        000000
__LcstackBANK0            cstackBANK0  000000
__LcstackCOMRAM           cstackCOMRAM 000000
__Ldata                   data         000000
__LdataBANK0              dataBANK0    000000
__Leeprom_data            eeprom_data  000000
__Lfarbss                 farbss       000000
__Lfardata                fardata      000000
__Libigdata               ibigdata     000000
__Lidata                  idata        000000
__LidataBANK0             idataBANK0   000000
__Lidloc                  idloc        000000
__Lifardata               ifardata     000000
__Linit                   init         00000E
__Lintcode                intcode      000008
__Lintcode_body           intcode_body 000000
__Lintcodelo              intcodelo    00000E
__Lintentry               intentry     000000
__Lintret                 intret       000000
__Lintsave_regs           intsave_regs 000000
__Lirdata                 irdata       000000
__Lmediumconst            mediumconst  000000
__LnvCOMRAM               nvCOMRAM     000000
__LnvFARRAM               nvFARRAM     000000
__Lnvbit                  nvbit        000000
__Lnvrram                 nvrram       000000
__Lparam                  rparam       000000
__Lpowerup                powerup      00000E
__Lram                    ram          000000
__Lramtop                 ramtop       000600
__Lrbit                   rbit         000000
__Lrbss                   rbss         000000
__Lrdata                  rdata        000000
__Lreset_vec              reset_vec    000000
__Lrparam                 rparam       000000
__Lsfr                    sfr          000000
__Lsmallconst             smallconst   000600
__Lspace_0                (abs)        000000
__Lspace_1                (abs)        000000
__Lspace_2                (abs)        000000
__Lspace_4                (abs)        000000
__Lstack                  stack        000000
__Lstruct                 struct       000000
__Ltemp                   temp         000065
__Ltext                   text         000000
__Ltext0                  text0        000000
__Ltext1                  text1        000000
__Ltext10                 text10       000000
__Ltext11                 text11       000000
__Ltext12                 text12       000000
__Ltext13                 text13       000000
__Ltext14                 text14       000000
__Ltext15                 text15       000000
__Ltext16                 text16       000000
__Ltext17                 text17       000000
__Ltext18                 text18       000000
__Ltext19                 text19       000000
__Ltext2                  text2        000000
__Ltext20                 text20       000000
__Ltext21                 text21       000000
__Ltext22                 text22       000000
__Ltext23                 text23       000000
__Ltext24                 text24       000000
__Ltext25                 text25       000000
__Ltext26                 text26       000000
__Ltext27                 text27       000000
__Ltext28                 text28       000000
__Ltext29                 text29       000000
__Ltext3                  text3        000000
__Ltext30                 text30       000000
__Ltext31                 text31       000000
__Ltext33                 text33       000000
__Ltext34                 text34       000000
__Ltext35                 text35       000000
__Ltext4                  text4        000000
__Ltext5                  text5        000000
__Ltext6                  text6        000000
__Ltext7                  text7        000000
__Ltext8                  text8        000000
__Ltext9                  text9        000000
__S0                      (abs)        001A98
__S1                      (abs)        0000C4
__S2                      (abs)        000000
__S4                      (abs)        000000
__S5                      (abs)        000000
___awdiv                  text9        001392
___awdiv@counter          cstackCOMRAM 000046
___awdiv@dividend         cstackCOMRAM 000042
___awdiv@divisor          cstackCOMRAM 000044
___awdiv@quotient         cstackCOMRAM 000048
___awdiv@sign             cstackCOMRAM 000047
___awmod                  text8        001456
___awmod@counter          cstackCOMRAM 00004E
___awmod@dividend         cstackCOMRAM 00004A
___awmod@divisor          cstackCOMRAM 00004C
___awmod@sign             cstackCOMRAM 00004F
___inthi_sp               stack        000000
___intlo_sp               stack        000000
___param_bank             (abs)        000000
___rparam_used            (abs)        000001
___sp                     stack        000000
__accesstop               (abs)        000080
__activetblptr            (abs)        000002
__end_of_Delay2ms         text27       0019EE
__end_of_Delay40us        text28       001A1E
__end_of_ISR              intcode_body 0018FA
__end_of_KernelClock      text33       0016EE
__end_of___awdiv          text9        001456
__end_of___awmod          text8        001506
__end_of__initialization  cinit        001932
__end_of_changePORTD      text13       001A8E
__end_of_cmd              text11       001A88
__end_of_data             text10       001A80
__end_of_db               text4        00197E
__end_of_debounce         text16       001A94
__end_of_digitalWrite     text26       000D6C
__end_of_disp             text5        0008D0
__end_of_getKeypadDriver  text31       0019D2
__end_of_getLcdDriver     text30       0019A8
__end_of_initGenerico     text21       001A5C
__end_of_initKp           text20       001A52
__end_of_initLCD          text22       001A66
__end_of_inverte          text12       001A98
__end_of_kernelAddProc    text7        00165A
__end_of_kernelInit       text19       001A48
__end_of_kernelLoop       text2        001114
__end_of_kpDebounce       text17       00128E
__end_of_kpInit           text29       001A70
__end_of_kpRead           text15       001A3E
__end_of_lcdCommand       text25       00176C
__end_of_lcdData          text18       0018A8
__end_of_lcdInit          text23       0017E4
__end_of_main             text0        001392
__end_of_pinMode          text24       000B1E
__end_of_press            text3        000F54
__end_of_read             text14       001A34
__end_of_time             text6        001854
__end_of_timerInit        text1        001A78
__end_of_valor@ssd$F554   smallconst   000611
__end_ofi2___awmod        text34       0015B6
__initialization          cinit        0018FA
__mediumconst             mediumconst  000000
__pbssBANK0               bssBANK0     0000B0
__pbssCOMRAM              bssCOMRAM    000001
__pcinit                  cinit        0018FA
__pcstackBANK0            cstackBANK0  000098
__pcstackCOMRAM           cstackCOMRAM 000033
__pdataBANK0              dataBANK0    000080
__pidataBANK0             idataBANK0   0019EE
__pintcode                intcode      000008
__pintcode_body           intcode_body 0018A8
__pnvCOMRAM               nvCOMRAM     000061
__psmallconst             smallconst   000600
__ptext0                  text0        00128E
__ptext1                  text1        001A70
__ptext10                 text10       001A78
__ptext11                 text11       001A80
__ptext12                 text12       001A94
__ptext13                 text13       001A88
__ptext14                 text14       001A1E
__ptext15                 text15       001A34
__ptext16                 text16       001A8E
__ptext17                 text17       001114
__ptext18                 text18       001854
__ptext19                 text19       001A3E
__ptext2                  text2        000F54
__ptext20                 text20       001A48
__ptext21                 text21       001A52
__ptext22                 text22       001A5C
__ptext23                 text23       00176C
__ptext24                 text24       0008D0
__ptext25                 text25       0016EE
__ptext26                 text26       000B1E
__ptext27                 text27       0019D2
__ptext28                 text28       001A06
__ptext29                 text29       001A66
__ptext3                  text3        000D6C
__ptext30                 text30       00197E
__ptext31                 text31       0019A8
__ptext33                 text33       00165A
__ptext34                 text34       001506
__ptext35                 text35       000000
__ptext4                  text4        001940
__ptext5                  text5        000612
__ptext6                  text6        0017E4
__ptext7                  text7        0015B6
__ptext8                  text8        001456
__ptext9                  text9        001392
__ramtop                  ramtop       000600
__size_of_Delay2ms        (abs)        000000
__size_of_Delay40us       (abs)        000000
__size_of_ISR             (abs)        000000
__size_of_KernelClock     (abs)        000000
__size_of___awdiv         (abs)        000000
__size_of___awmod         (abs)        000000
__size_of_changePORTD     (abs)        000000
__size_of_cmd             (abs)        000000
__size_of_data            (abs)        000000
__size_of_db              (abs)        000000
__size_of_debounce        (abs)        000000
__size_of_digitalWrite    (abs)        000000
__size_of_disp            (abs)        000000
__size_of_getKeypadDriver (abs)        000000
__size_of_getLcdDriver    (abs)        000000
__size_of_initGenerico    (abs)        000000
__size_of_initKp          (abs)        000000
__size_of_initLCD         (abs)        000000
__size_of_inverte         (abs)        000000
__size_of_kernelAddProc   (abs)        000000
__size_of_kernelInit      (abs)        000000
__size_of_kernelLoop      (abs)        000000
__size_of_kpDebounce      (abs)        000000
__size_of_kpInit          (abs)        000000
__size_of_kpRead          (abs)        000000
__size_of_lcdCommand      (abs)        000000
__size_of_lcdData         (abs)        000000
__size_of_lcdInit         (abs)        000000
__size_of_main            (abs)        000000
__size_of_pinMode         (abs)        000000
__size_of_press           (abs)        000000
__size_of_read            (abs)        000000
__size_of_time            (abs)        000000
__size_of_timerInit       (abs)        000000
__size_ofi2___awmod       (abs)        000000
__smallconst              smallconst   000600
_changePORTD              text13       001A88
_cmd                      text11       001A80
_count                    bssCOMRAM    00000D
_data                     text10       001A78
_db                       text4        001940
_debounce                 text16       001A8E
_digitalWrite             text26       000B1E
_disp                     text5        000612
_display                  bssCOMRAM    000013
_end                      bssCOMRAM    000016
_getKeypadDriver          text31       0019A8
_getLcdDriver             text30       00197E
_hour                     bssCOMRAM    000007
_initGenerico             text21       001A52
_initKp                   text20       001A48
_initLCD                  text22       001A5C
_inverte                  text12       001A94
_kernelAddProc            text7        0015B6
_kernelInit               text19       001A3E
_kernelLoop               text2        000F54
_keypad                   nvCOMRAM     000061
_kpDebounce               text17       001114
_kpInit                   text29       001A66
_kpRead                   text15       001A34
_lcd                      nvCOMRAM     000063
_lcdCommand               text25       0016EE
_lcdData                  text18       001854
_lcdInit                  text23       00176C
_main                     text0        00128E
_minute                   bssCOMRAM    000009
_my_funcs                 bssCOMRAM    00002F
_my_funcs@drv_keypad$F635 bssCOMRAM    000027
_my_funcs@drv_lcd$F595    bssCOMRAM    00002B
_myself                   bssCOMRAM    000022
_myself@drv_keypad$F631   bssCOMRAM    000018
_myself@drv_lcd$F591      bssCOMRAM    00001D
_pinMode                  text24       0008D0
_pool                     bssBANK0     0000B0
_press                    text3        000D6C
_read                     text14       001A1E
_second                   bssCOMRAM    00000B
_start                    bssCOMRAM    000017
_started                  bssCOMRAM    000014
_time                     text6        0017E4
_timerInit                text1        001A70
_v0                       bssCOMRAM    000012
_v1                       bssCOMRAM    000011
_v2                       bssCOMRAM    000010
_v3                       bssCOMRAM    00000F
_valor                    bssCOMRAM    000005
_valor@ssd$F554           smallconst   000601
btemp                     temp         000065
changePORTD@parameters    cstackCOMRAM 000050
cmd@parameters            cstackCOMRAM 000050
data@parameters           cstackCOMRAM 000050
digitalWrite@pin          cstackCOMRAM 000042
digitalWrite@value        cstackCOMRAM 000044
end_of_initialization     cinit        001932
i2___awmod                text34       001506
i2___awmod@counter        cstackCOMRAM 000037
i2___awmod@dividend       cstackCOMRAM 000033
i2___awmod@divisor        cstackCOMRAM 000035
i2___awmod@sign           cstackCOMRAM 000038
initGenerico@parameters   cstackCOMRAM 00004A
initKp@parameters         cstackCOMRAM 00004A
initLCD@parameters        cstackCOMRAM 00004A
int$flags                 temp         000065
int_func                  intcode_body 0018A8
intlevel0                 text         000000
intlevel1                 text         000000
intlevel2                 text         000000
intlevel3                 text         000000
kernelAddProc@newProc     cstackCOMRAM 000050
kernelLoop@next           cstackCOMRAM 00005F
kernelLoop@p              cstackCOMRAM 000060
kernelLoop@tempProc       cstackCOMRAM 00005D
kpDebounce@i              cstackCOMRAM 00004B
kpDebounce@j              cstackCOMRAM 00004A
kpDebounce@k              cstackCOMRAM 000048
kpDebounce@old_D          cstackCOMRAM 000047
kpDebounce@tempo          bssCOMRAM    000015
kpDebounce@valorAntigo    bssCOMRAM    000001
kpDebounce@valorNovo      bssCOMRAM    000003
lcdCommand@cmd            cstackCOMRAM 000049
lcdCommand@old_D          cstackCOMRAM 000048
lcdData@old_D             cstackCOMRAM 000049
lcdData@valor             cstackCOMRAM 000048
main@F2429                dataBANK0    000092
main@F2432                dataBANK0    00008C
main@F2435                dataBANK0    000086
main@F2438                dataBANK0    000080
main@p1                   cstackBANK0  000098
main@p2                   cstackBANK0  00009E
main@p3                   cstackBANK0  0000A4
main@p4                   cstackBANK0  0000AA
pinMode@pin               cstackCOMRAM 000042
pinMode@type              cstackCOMRAM 000044
press@value               cstackCOMRAM 000056
press@x                   cstackCOMRAM 000054
read@parameters           cstackCOMRAM 000050
stackhi                   (abs)        0005FF
stacklo                   (abs)        0000C4
start                     init         00000E
start_initialization      cinit        0018FA
ttemp5                    temp         000066
ttemp6                    temp         000069
ttemp7                    temp         00006D
wtemp8                    temp         000066


FUNCTION INFORMATION:

 *************** function _main *****************
 Defined at:
		line 108 in file "main.c"
 Parameters:    Size  Location     Type
		None
 Auto vars:     Size  Location     Type
  p4              6   18[BANK0 ] struct .
  p3              6   12[BANK0 ] struct .
  p2              6    6[BANK0 ] struct .
  p1              6    0[BANK0 ] struct .
 Return value:  Size  Location     Type
                  1    wreg      void 
 Registers used:
		wreg, fsr0l, fsr0h, fsr1l, fsr1h, fsr2l, fsr2h, status,2, status,0, pclath, tosl, prodl, prodh, cstack
 Tracked objects:
		On entry : 
		On exit  : 
		Unchanged: 
 Data sizes:     COMRAM   BANK0   BANK1   BANK2   BANK3   BANK4   BANK5
      Params:         0       0       0       0       0       0       0
      Locals:         0      24       0       0       0       0       0
      Temps:          0       0       0       0       0       0       0
      Totals:         0      24       0       0       0       0       0
Total ram usage:       24 bytes
 Hardware stack levels required when called:    9
 This function calls:
		_getKeypadDriver
		_getLcdDriver
		_initGenerico
		_initKp
		_initLCD
		_kernelAddProc
		_kernelInit
		_kernelLoop
		_timerInit
 This function is called by:
		Startup code after reset
 This function uses a non-reentrant model


 *************** function _timerInit *****************
 Defined at:
		line 51 in file "timer.c"
 Parameters:    Size  Location     Type
		None
 Auto vars:     Size  Location     Type
		None
 Return value:  Size  Location     Type
                  1    wreg      void 
 Registers used:
		wreg, status,2, status,0
 Tracked objects:
		On entry : 
		On exit  : 
		Unchanged: 
 Data sizes:     COMRAM   BANK0   BANK1   BANK2   BANK3   BANK4   BANK5
      Params:         0       0       0       0       0       0       0
      Locals:         0       0       0       0       0       0       0
      Temps:          0       0       0       0       0       0       0
      Totals:         0       0       0       0       0       0       0
Total ram usage:        0 bytes
 Hardware stack levels used:    1
 Hardware stack levels required when called:    3
 This function calls:
		Nothing
 This function is called by:
		_main
 This function uses a non-reentrant model


 *************** function _kernelLoop *****************
 Defined at:
		line 24 in file "kernel.c"
 Parameters:    Size  Location     Type
		None
 Auto vars:     Size  Location     Type
  tempProc        2   42[COMRAM] PTR struct .
		 -> main@p4(6), main@p3(6), main@p2(6), main@p1(6), 
  p               1   45[COMRAM] unsigned char 
  next            1   44[COMRAM] unsigned char 
 Return value:  Size  Location     Type
                  1    wreg      void 
 Registers used:
		wreg, fsr0l, fsr0h, fsr1l, fsr1h, fsr2l, fsr2h, status,2, status,0, pclath, tosl, prodl, prodh, cstack
 Tracked objects:
		On entry : 
		On exit  : 
		Unchanged: 
 Data sizes:     COMRAM   BANK0   BANK1   BANK2   BANK3   BANK4   BANK5
      Params:         0       0       0       0       0       0       0
      Locals:         4       0       0       0       0       0       0
      Temps:          5       0       0       0       0       0       0
      Totals:         9       0       0       0       0       0       0
Total ram usage:        9 bytes
 Hardware stack levels used:    1
 Hardware stack levels required when called:    8
 This function calls:
		___awmod
		_db
		_disp
		_kernelAddProc
		_press
		_time
 This function is called by:
		_main
 This function uses a non-reentrant model


 *************** function _press *****************
 Defined at:
		line 61 in file "main.c"
 Parameters:    Size  Location     Type
		None
 Auto vars:     Size  Location     Type
  value           2   35[COMRAM] PTR unsigned int 
		 -> press@x(2), 
  x               2   33[COMRAM] unsigned int 
 Return value:  Size  Location     Type
                  1    wreg      unsigned char 
 Registers used:
		wreg, fsr2l, fsr2h, status,2, status,0, pclath, tosl, prodl, prodh, cstack
 Tracked objects:
		On entry : 
		On exit  : 
		Unchanged: 
 Data sizes:     COMRAM   BANK0   BANK1   BANK2   BANK3   BANK4   BANK5
      Params:         0       0       0       0       0       0       0
      Locals:         4       0       0       0       0       0       0
      Temps:          2       0       0       0       0       0       0
      Totals:         6       0       0       0       0       0       0
Total ram usage:        6 bytes
 Hardware stack levels used:    1
 Hardware stack levels required when called:    7
 This function calls:
		_changePORTD
		_cmd
		_data
		_debounce
		_inverte
		_read
 This function is called by:
		_kernelLoop
 This function uses a non-reentrant model


 *************** function _db *****************
 Defined at:
		line 56 in file "main.c"
 Parameters:    Size  Location     Type
		None
 Auto vars:     Size  Location     Type
		None
 Return value:  Size  Location     Type
                  1    wreg      unsigned char 
 Registers used:
		wreg, fsr1l, fsr1h, fsr2l, fsr2h, status,2, status,0, pclath, tosl, prodl, prodh, cstack
 Tracked objects:
		On entry : 
		On exit  : 
		Unchanged: 
 Data sizes:     COMRAM   BANK0   BANK1   BANK2   BANK3   BANK4   BANK5
      Params:         0       0       0       0       0       0       0
      Locals:         0       0       0       0       0       0       0
      Temps:          0       0       0       0       0       0       0
      Totals:         0       0       0       0       0       0       0
Total ram usage:        0 bytes
 Hardware stack levels used:    1
 Hardware stack levels required when called:    7
 This function calls:
		_changePORTD
		_cmd
		_data
		_debounce
		_inverte
		_read
 This function is called by:
		_kernelLoop
 This function uses a non-reentrant model


 *************** function _disp *****************
 Defined at:
		line 34 in file "main.c"
 Parameters:    Size  Location     Type
		None
 Auto vars:     Size  Location     Type
		None
 Return value:  Size  Location     Type
                  1    wreg      unsigned char 
 Registers used:
		wreg, fsr1l, fsr1h, fsr2l, fsr2h, status,2, status,0, pclath, tosl, prodl, prodh, cstack
 Tracked objects:
		On entry : 
		On exit  : 
		Unchanged: 
 Data sizes:     COMRAM   BANK0   BANK1   BANK2   BANK3   BANK4   BANK5
      Params:         0       0       0       0       0       0       0
      Locals:         0       0       0       0       0       0       0
      Temps:          2       0       0       0       0       0       0
      Totals:         2       0       0       0       0       0       0
Total ram usage:        2 bytes
 Hardware stack levels used:    1
 Hardware stack levels required when called:    7
 This function calls:
		___awdiv
		___awmod
		_changePORTD
		_cmd
		_data
		_debounce
		_inverte
		_read
 This function is called by:
		_kernelLoop
 This function uses a non-reentrant model


 *************** function _time *****************
 Defined at:
		line 48 in file "main.c"
 Parameters:    Size  Location     Type
		None
 Auto vars:     Size  Location     Type
		None
 Return value:  Size  Location     Type
                  1    wreg      unsigned char 
 Registers used:
		wreg, status,2, status,0, cstack
 Tracked objects:
		On entry : 
		On exit  : 
		Unchanged: 
 Data sizes:     COMRAM   BANK0   BANK1   BANK2   BANK3   BANK4   BANK5
      Params:         0       0       0       0       0       0       0
      Locals:         0       0       0       0       0       0       0
      Temps:          0       0       0       0       0       0       0
      Totals:         0       0       0       0       0       0       0
Total ram usage:        0 bytes
 Hardware stack levels used:    1
 Hardware stack levels required when called:    4
 This function calls:
		___awdiv
		___awmod
 This function is called by:
		_kernelLoop
 This function uses a non-reentrant model


 *************** function _kernelAddProc *****************
 Defined at:
		line 13 in file "kernel.c"
 Parameters:    Size  Location     Type
  newProc         2   29[COMRAM] PTR struct .
		 -> main@p4(6), main@p3(6), main@p2(6), main@p1(6), 
 Auto vars:     Size  Location     Type
		None
 Return value:  Size  Location     Type
                  1    wreg      unsigned char 
 Registers used:
		wreg, fsr1l, fsr1h, fsr2l, fsr2h, status,2, status,0, prodl, prodh, cstack
 Tracked objects:
		On entry : 
		On exit  : 
		Unchanged: 
 Data sizes:     COMRAM   BANK0   BANK1   BANK2   BANK3   BANK4   BANK5
      Params:         2       0       0       0       0       0       0
      Locals:         0       0       0       0       0       0       0
      Temps:          2       0       0       0       0       0       0
      Totals:         4       0       0       0       0       0       0
Total ram usage:        4 bytes
 Hardware stack levels used:    1
 Hardware stack levels required when called:    4
 This function calls:
		___awmod
 This function is called by:
		_main
		_kernelLoop
 This function uses a non-reentrant model


 *************** function ___awmod *****************
 Defined at:
		line 7 in file "C:\Program Files\Microchip\xc8\v2.20\pic\sources\c90\common\awmod.c"
 Parameters:    Size  Location     Type
  dividend        2   23[COMRAM] int 
  divisor         2   25[COMRAM] int 
 Auto vars:     Size  Location     Type
  sign            1   28[COMRAM] unsigned char 
  counter         1   27[COMRAM] unsigned char 
 Return value:  Size  Location     Type
                  2   23[COMRAM] int 
 Registers used:
		wreg, status,2, status,0
 Tracked objects:
		On entry : 
		On exit  : 
		Unchanged: 
 Data sizes:     COMRAM   BANK0   BANK1   BANK2   BANK3   BANK4   BANK5
      Params:         4       0       0       0       0       0       0
      Locals:         2       0       0       0       0       0       0
      Temps:          0       0       0       0       0       0       0
      Totals:         6       0       0       0       0       0       0
Total ram usage:        6 bytes
 Hardware stack levels used:    1
 Hardware stack levels required when called:    3
 This function calls:
		Nothing
 This function is called by:
		_disp
		_time
		_kernelAddProc
		_kernelLoop
		_dsdec2bcd
 This function uses a non-reentrant model


 *************** function ___awdiv *****************
 Defined at:
		line 7 in file "C:\Program Files\Microchip\xc8\v2.20\pic\sources\c90\common\awdiv.c"
 Parameters:    Size  Location     Type
  dividend        2   15[COMRAM] int 
  divisor         2   17[COMRAM] int 
 Auto vars:     Size  Location     Type
  quotient        2   21[COMRAM] int 
  sign            1   20[COMRAM] unsigned char 
  counter         1   19[COMRAM] unsigned char 
 Return value:  Size  Location     Type
                  2   15[COMRAM] int 
 Registers used:
		wreg, status,2, status,0
 Tracked objects:
		On entry : 
		On exit  : 
		Unchanged: 
 Data sizes:     COMRAM   BANK0   BANK1   BANK2   BANK3   BANK4   BANK5
      Params:         4       0       0       0       0       0       0
      Locals:         4       0       0       0       0       0       0
      Temps:          0       0       0       0       0       0       0
      Totals:         8       0       0       0       0       0       0
Total ram usage:        8 bytes
 Hardware stack levels used:    1
 Hardware stack levels required when called:    3
 This function calls:
		Nothing
 This function is called by:
		_disp
		_time
		_dsdec2bcd
		_dsbcd2dec
 This function uses a non-reentrant model


 *************** function _data *****************
 Defined at:
		line 13 in file "drv_lcd.c"
 Parameters:    Size  Location     Type
  parameters      2   29[COMRAM] PTR void 
		 -> press@value(2), NULL(0), RAM(1535), 
 Auto vars:     Size  Location     Type
		None
 Return value:  Size  Location     Type
                  1    wreg      unsigned char 
 Registers used:
		wreg, status,2, status,0, cstack
 Tracked objects:
		On entry : 
		On exit  : 
		Unchanged: 
 Data sizes:     COMRAM   BANK0   BANK1   BANK2   BANK3   BANK4   BANK5
      Params:         2       0       0       0       0       0       0
      Locals:         0       0       0       0       0       0       0
      Temps:          0       0       0       0       0       0       0
      Totals:         2       0       0       0       0       0       0
Total ram usage:        2 bytes
 Hardware stack levels used:    1
 Hardware stack levels required when called:    5
 This function calls:
		_lcdData
 This function is called by:
		_getLcdDriver
		_disp
		_db
		_press
 This function uses a non-reentrant model


 *************** function _cmd *****************
 Defined at:
		line 9 in file "drv_lcd.c"
 Parameters:    Size  Location     Type
  parameters      2   29[COMRAM] PTR void 
		 -> press@value(2), NULL(0), RAM(1535), 
 Auto vars:     Size  Location     Type
		None
 Return value:  Size  Location     Type
                  1    wreg      unsigned char 
 Registers used:
		wreg, status,2, status,0, cstack
 Tracked objects:
		On entry : 
		On exit  : 
		Unchanged: 
 Data sizes:     COMRAM   BANK0   BANK1   BANK2   BANK3   BANK4   BANK5
      Params:         2       0       0       0       0       0       0
      Locals:         0       0       0       0       0       0       0
      Temps:          0       0       0       0       0       0       0
      Totals:         2       0       0       0       0       0       0
Total ram usage:        2 bytes
 Hardware stack levels used:    1
 Hardware stack levels required when called:    6
 This function calls:
		_lcdCommand
 This function is called by:
		_getLcdDriver
		_disp
		_db
		_press
 This function uses a non-reentrant model


 *************** function _inverte *****************
 Defined at:
		line 11 in file "drv_led.c"
 Parameters:    Size  Location     Type
  parameters      2   29[COMRAM] PTR void 
		 -> press@value(2), NULL(0), RAM(1535), 
 Auto vars:     Size  Location     Type
		None
 Return value:  Size  Location     Type
                  1    wreg      unsigned char 
 Registers used:
		status,2, status,0
 Tracked objects:
		On entry : 
		On exit  : 
		Unchanged: 
 Data sizes:     COMRAM   BANK0   BANK1   BANK2   BANK3   BANK4   BANK5
      Params:         2       0       0       0       0       0       0
      Locals:         0       0       0       0       0       0       0
      Temps:          0       0       0       0       0       0       0
      Totals:         2       0       0       0       0       0       0
Total ram usage:        2 bytes
 Hardware stack levels used:    1
 Hardware stack levels required when called:    3
 This function calls:
		Nothing
 This function is called by:
		_getLedDriver
		_disp
		_db
		_press
 This function uses a non-reentrant model


 *************** function _changePORTD *****************
 Defined at:
		line 7 in file "drv_led.c"
 Parameters:    Size  Location     Type
  parameters      2   29[COMRAM] PTR void 
		 -> press@value(2), NULL(0), RAM(1535), 
 Auto vars:     Size  Location     Type
		None
 Return value:  Size  Location     Type
                  1    wreg      unsigned char 
 Registers used:
		None
 Tracked objects:
		On entry : 
		On exit  : 
		Unchanged: 
 Data sizes:     COMRAM   BANK0   BANK1   BANK2   BANK3   BANK4   BANK5
      Params:         2       0       0       0       0       0       0
      Locals:         0       0       0       0       0       0       0
      Temps:          0       0       0       0       0       0       0
      Totals:         2       0       0       0       0       0       0
Total ram usage:        2 bytes
 Hardware stack levels used:    1
 Hardware stack levels required when called:    3
 This function calls:
		Nothing
 This function is called by:
		_getLedDriver
		_disp
		_db
		_press
 This function uses a non-reentrant model


 *************** function _read *****************
 Defined at:
		line 14 in file "drv_keypad.c"
 Parameters:    Size  Location     Type
  parameters      2   29[COMRAM] PTR void 
		 -> press@value(2), NULL(0), RAM(1535), 
 Auto vars:     Size  Location     Type
		None
 Return value:  Size  Location     Type
                  1    wreg      unsigned char 
 Registers used:
		fsr2l, fsr2h, cstack
 Tracked objects:
		On entry : 
		On exit  : 
		Unchanged: 
 Data sizes:     COMRAM   BANK0   BANK1   BANK2   BANK3   BANK4   BANK5
      Params:         2       0       0       0       0       0       0
      Locals:         0       0       0       0       0       0       0
      Temps:          0       0       0       0       0       0       0
      Totals:         2       0       0       0       0       0       0
Total ram usage:        2 bytes
 Hardware stack levels used:    1
 Hardware stack levels required when called:    4
 This function calls:
		_kpRead
 This function is called by:
		_getKeypadDriver
		_disp
		_db
		_press
 This function uses a non-reentrant model


 *************** function _kpRead *****************
 Defined at:
		line 35 in file "keypad.c"
 Parameters:    Size  Location     Type
		None
 Auto vars:     Size  Location     Type
		None
 Return value:  Size  Location     Type
                  2   15[COMRAM] unsigned int 
 Registers used:
		None
 Tracked objects:
		On entry : 
		On exit  : 
		Unchanged: 
 Data sizes:     COMRAM   BANK0   BANK1   BANK2   BANK3   BANK4   BANK5
      Params:         2       0       0       0       0       0       0
      Locals:         0       0       0       0       0       0       0
      Temps:          0       0       0       0       0       0       0
      Totals:         2       0       0       0       0       0       0
Total ram usage:        2 bytes
 Hardware stack levels used:    1
 Hardware stack levels required when called:    3
 This function calls:
		Nothing
 This function is called by:
		_read
 This function uses a non-reentrant model


 *************** function _debounce *****************
 Defined at:
		line 10 in file "drv_keypad.c"
 Parameters:    Size  Location     Type
		None
 Auto vars:     Size  Location     Type
		None
 Return value:  Size  Location     Type
                  1    wreg      unsigned char 
 Registers used:
		wreg, status,2, status,0, prodl, prodh, cstack
 Tracked objects:
		On entry : 
		On exit  : 
		Unchanged: 
 Data sizes:     COMRAM   BANK0   BANK1   BANK2   BANK3   BANK4   BANK5
      Params:         0       0       0       0       0       0       0
      Locals:         0       0       0       0       0       0       0
      Temps:          0       0       0       0       0       0       0
      Totals:         0       0       0       0       0       0       0
Total ram usage:        0 bytes
 Hardware stack levels used:    1
 Hardware stack levels required when called:    4
 This function calls:
		_kpDebounce
 This function is called by:
		_getKeypadDriver
		_disp
		_db
		_press
 This function uses a non-reentrant model


 *************** function _kpDebounce *****************
 Defined at:
		line 39 in file "keypad.c"
 Parameters:    Size  Location     Type
		None
 Auto vars:     Size  Location     Type
  k               2   21[COMRAM] int 
  i               1   24[COMRAM] unsigned char 
  j               1   23[COMRAM] unsigned char 
  old_D           1   20[COMRAM] unsigned char 
 Return value:  Size  Location     Type
                  1    wreg      void 
 Registers used:
		wreg, status,2, status,0, prodl, prodh
 Tracked objects:
		On entry : 
		On exit  : 
		Unchanged: 
 Data sizes:     COMRAM   BANK0   BANK1   BANK2   BANK3   BANK4   BANK5
      Params:         0       0       0       0       0       0       0
      Locals:         5       0       0       0       0       0       0
      Temps:          5       0       0       0       0       0       0
      Totals:        10       0       0       0       0       0       0
Total ram usage:       10 bytes
 Hardware stack levels used:    1
 Hardware stack levels required when called:    3
 This function calls:
		Nothing
 This function is called by:
		_debounce
 This function uses a non-reentrant model


 *************** function _lcdData *****************
 Defined at:
		line 74 in file "lcd.c"
 Parameters:    Size  Location     Type
  valor           1    wreg     unsigned char 
 Auto vars:     Size  Location     Type
  valor           1   21[COMRAM] unsigned char 
  old_D           1   22[COMRAM] unsigned char 
 Return value:  Size  Location     Type
                  1    wreg      void 
 Registers used:
		wreg, status,2, status,0, cstack
 Tracked objects:
		On entry : 
		On exit  : 
		Unchanged: 
 Data sizes:     COMRAM   BANK0   BANK1   BANK2   BANK3   BANK4   BANK5
      Params:         0       0       0       0       0       0       0
      Locals:         2       0       0       0       0       0       0
      Temps:          0       0       0       0       0       0       0
      Totals:         2       0       0       0       0       0       0
Total ram usage:        2 bytes
 Hardware stack levels used:    1
 Hardware stack levels required when called:    4
 This function calls:
		_Delay40us
		_digitalWrite
 This function is called by:
		_data
 This function uses a non-reentrant model


 *************** function _kernelInit *****************
 Defined at:
		line 7 in file "kernel.c"
 Parameters:    Size  Location     Type
		None
 Auto vars:     Size  Location     Type
		None
 Return value:  Size  Location     Type
                  1    wreg      unsigned char 
 Registers used:
		wreg, status,2
 Tracked objects:
		On entry : 
		On exit  : 
		Unchanged: 
 Data sizes:     COMRAM   BANK0   BANK1   BANK2   BANK3   BANK4   BANK5
      Params:         0       0       0       0       0       0       0
      Locals:         0       0       0       0       0       0       0
      Temps:          0       0       0       0       0       0       0
      Totals:         0       0       0       0       0       0       0
Total ram usage:        0 bytes
 Hardware stack levels used:    1
 Hardware stack levels required when called:    3
 This function calls:
		Nothing
 This function is called by:
		_main
 This function uses a non-reentrant model


 *************** function _initKp *****************
 Defined at:
		line 18 in file "drv_keypad.c"
 Parameters:    Size  Location     Type
  parameters      2   23[COMRAM] PTR void 
		 -> NULL(0), RAM(1535), 
 Auto vars:     Size  Location     Type
		None
 Return value:  Size  Location     Type
                  1    wreg      unsigned char 
 Registers used:
		wreg, status,2, status,0, cstack
 Tracked objects:
		On entry : 
		On exit  : 
		Unchanged: 
 Data sizes:     COMRAM   BANK0   BANK1   BANK2   BANK3   BANK4   BANK5
      Params:         2       0       0       0       0       0       0
      Locals:         0       0       0       0       0       0       0
      Temps:          0       0       0       0       0       0       0
      Totals:         2       0       0       0       0       0       0
Total ram usage:        2 bytes
 Hardware stack levels used:    1
 Hardware stack levels required when called:    4
 This function calls:
		_kpInit
 This function is called by:
		_getKeypadDriver
		_main
 This function uses a non-reentrant model


 *************** function _initGenerico *****************
 Defined at:
		line 16 in file "drv_led.c"
 Parameters:    Size  Location     Type
  parameters      2   23[COMRAM] PTR void 
		 -> NULL(0), RAM(1535), 
 Auto vars:     Size  Location     Type
		None
 Return value:  Size  Location     Type
                  1    wreg      unsigned char 
 Registers used:
		wreg, status,2
 Tracked objects:
		On entry : 
		On exit  : 
		Unchanged: 
 Data sizes:     COMRAM   BANK0   BANK1   BANK2   BANK3   BANK4   BANK5
      Params:         2       0       0       0       0       0       0
      Locals:         0       0       0       0       0       0       0
      Temps:          0       0       0       0       0       0       0
      Totals:         2       0       0       0       0       0       0
Total ram usage:        2 bytes
 Hardware stack levels used:    1
 Hardware stack levels required when called:    3
 This function calls:
		Nothing
 This function is called by:
		_getLedDriver
		_main
 This function uses a non-reentrant model


 *************** function _initLCD *****************
 Defined at:
		line 17 in file "drv_lcd.c"
 Parameters:    Size  Location     Type
  parameters      2   23[COMRAM] PTR void 
		 -> NULL(0), RAM(1535), 
 Auto vars:     Size  Location     Type
		None
 Return value:  Size  Location     Type
                  1    wreg      unsigned char 
 Registers used:
		wreg, status,2, status,0, cstack
 Tracked objects:
		On entry : 
		On exit  : 
		Unchanged: 
 Data sizes:     COMRAM   BANK0   BANK1   BANK2   BANK3   BANK4   BANK5
      Params:         2       0       0       0       0       0       0
      Locals:         0       0       0       0       0       0       0
      Temps:          0       0       0       0       0       0       0
      Totals:         2       0       0       0       0       0       0
Total ram usage:        2 bytes
 Hardware stack levels used:    1
 Hardware stack levels required when called:    7
 This function calls:
		_lcdInit
 This function is called by:
		_getLcdDriver
		_main
 This function uses a non-reentrant model


 *************** function _lcdInit *****************
 Defined at:
		line 95 in file "lcd.c"
 Parameters:    Size  Location     Type
		None
 Auto vars:     Size  Location     Type
		None
 Return value:  Size  Location     Type
                  1    wreg      void 
 Registers used:
		wreg, status,2, status,0, cstack
 Tracked objects:
		On entry : 
		On exit  : 
		Unchanged: 
 Data sizes:     COMRAM   BANK0   BANK1   BANK2   BANK3   BANK4   BANK5
      Params:         0       0       0       0       0       0       0
      Locals:         0       0       0       0       0       0       0
      Temps:          0       0       0       0       0       0       0
      Totals:         0       0       0       0       0       0       0
Total ram usage:        0 bytes
 Hardware stack levels used:    1
 Hardware stack levels required when called:    6
 This function calls:
		_Delay2ms
		_lcdCommand
		_pinMode
 This function is called by:
		_initLCD
 This function uses a non-reentrant model


 *************** function _pinMode *****************
 Defined at:
		line 54 in file "io.c"
 Parameters:    Size  Location     Type
  pin             2   15[COMRAM] int 
  type            2   17[COMRAM] int 
 Auto vars:     Size  Location     Type
		None
 Return value:  Size  Location     Type
                  1    wreg      void 
 Registers used:
		wreg, status,2, status,0
 Tracked objects:
		On entry : 
		On exit  : 
		Unchanged: 
 Data sizes:     COMRAM   BANK0   BANK1   BANK2   BANK3   BANK4   BANK5
      Params:         4       0       0       0       0       0       0
      Locals:         0       0       0       0       0       0       0
      Temps:          2       0       0       0       0       0       0
      Totals:         6       0       0       0       0       0       0
Total ram usage:        6 bytes
 Hardware stack levels used:    1
 Hardware stack levels required when called:    3
 This function calls:
		Nothing
 This function is called by:
		_lcdInit
		_adcInit
		_i2cInit
		_read_SCL
		_read_SDA
		_clear_SCL
		_clear_SDA
		_ssdInit
 This function uses a non-reentrant model


 *************** function _lcdCommand *****************
 Defined at:
		line 48 in file "lcd.c"
 Parameters:    Size  Location     Type
  cmd             1    wreg     unsigned char 
 Auto vars:     Size  Location     Type
  cmd             1   22[COMRAM] unsigned char 
  old_D           1   21[COMRAM] unsigned char 
 Return value:  Size  Location     Type
                  1    wreg      void 
 Registers used:
		wreg, status,2, status,0, cstack
 Tracked objects:
		On entry : 
		On exit  : 
		Unchanged: 
 Data sizes:     COMRAM   BANK0   BANK1   BANK2   BANK3   BANK4   BANK5
      Params:         0       0       0       0       0       0       0
      Locals:         2       0       0       0       0       0       0
      Temps:          0       0       0       0       0       0       0
      Totals:         2       0       0       0       0       0       0
Total ram usage:        2 bytes
 Hardware stack levels used:    1
 Hardware stack levels required when called:    5
 This function calls:
		_Delay2ms
		_Delay40us
		_digitalWrite
 This function is called by:
		_lcdInit
		_cmd
 This function uses a non-reentrant model


 *************** function _digitalWrite *****************
 Defined at:
		line 14 in file "io.c"
 Parameters:    Size  Location     Type
  pin             2   15[COMRAM] int 
  value           2   17[COMRAM] int 
 Auto vars:     Size  Location     Type
		None
 Return value:  Size  Location     Type
                  1    wreg      void 
 Registers used:
		wreg, status,2, status,0
 Tracked objects:
		On entry : 
		On exit  : 
		Unchanged: 
 Data sizes:     COMRAM   BANK0   BANK1   BANK2   BANK3   BANK4   BANK5
      Params:         4       0       0       0       0       0       0
      Locals:         0       0       0       0       0       0       0
      Temps:          2       0       0       0       0       0       0
      Totals:         6       0       0       0       0       0       0
Total ram usage:        6 bytes
 Hardware stack levels used:    1
 Hardware stack levels required when called:    3
 This function calls:
		Nothing
 This function is called by:
		_lcdCommand
		_lcdData
		_clear_SCL
		_clear_SDA
		_ssdUpdate
 This function uses a non-reentrant model


 *************** function _Delay2ms *****************
 Defined at:
		line 37 in file "lcd.c"
 Parameters:    Size  Location     Type
		None
 Auto vars:     Size  Location     Type
  i               1   16[COMRAM] unsigned char 
 Return value:  Size  Location     Type
                  1    wreg      void 
 Registers used:
		wreg, status,2, status,0, cstack
 Tracked objects:
		On entry : 
		On exit  : 
		Unchanged: 
 Data sizes:     COMRAM   BANK0   BANK1   BANK2   BANK3   BANK4   BANK5
      Params:         0       0       0       0       0       0       0
      Locals:         1       0       0       0       0       0       0
      Temps:          0       0       0       0       0       0       0
      Totals:         1       0       0       0       0       0       0
Total ram usage:        1 bytes
 Hardware stack levels used:    1
 Hardware stack levels required when called:    4
 This function calls:
		_Delay40us
 This function is called by:
		_lcdCommand
		_lcdInit
 This function uses a non-reentrant model


 *************** function _Delay40us *****************
 Defined at:
		line 31 in file "lcd.c"
 Parameters:    Size  Location     Type
		None
 Auto vars:     Size  Location     Type
  i               1   15[COMRAM] unsigned char 
 Return value:  Size  Location     Type
                  1    wreg      void 
 Registers used:
		wreg, status,2, status,0
 Tracked objects:
		On entry : 
		On exit  : 
		Unchanged: 
 Data sizes:     COMRAM   BANK0   BANK1   BANK2   BANK3   BANK4   BANK5
      Params:         0       0       0       0       0       0       0
      Locals:         1       0       0       0       0       0       0
      Temps:          0       0       0       0       0       0       0
      Totals:         1       0       0       0       0       0       0
Total ram usage:        1 bytes
 Hardware stack levels used:    1
 Hardware stack levels required when called:    3
 This function calls:
		Nothing
 This function is called by:
		_Delay2ms
		_lcdCommand
		_lcdData
 This function uses a non-reentrant model


 *************** function _kpInit *****************
 Defined at:
		line 87 in file "keypad.c"
 Parameters:    Size  Location     Type
		None
 Auto vars:     Size  Location     Type
		None
 Return value:  Size  Location     Type
                  1    wreg      void 
 Registers used:
		wreg, status,2, status,0
 Tracked objects:
		On entry : 
		On exit  : 
		Unchanged: 
 Data sizes:     COMRAM   BANK0   BANK1   BANK2   BANK3   BANK4   BANK5
      Params:         0       0       0       0       0       0       0
      Locals:         0       0       0       0       0       0       0
      Temps:          0       0       0       0       0       0       0
      Totals:         0       0       0       0       0       0       0
Total ram usage:        0 bytes
 Hardware stack levels used:    1
 Hardware stack levels required when called:    3
 This function calls:
		Nothing
 This function is called by:
		_initKp
 This function uses a non-reentrant model


 *************** function _getLcdDriver *****************
 Defined at:
		line 22 in file "drv_lcd.c"
 Parameters:    Size  Location     Type
		None
 Auto vars:     Size  Location     Type
		None
 Return value:  Size  Location     Type
                  2   15[COMRAM] PTR struct .
 Registers used:
		wreg, status,2, status,0
 Tracked objects:
		On entry : 
		On exit  : 
		Unchanged: 
 Data sizes:     COMRAM   BANK0   BANK1   BANK2   BANK3   BANK4   BANK5
      Params:         2       0       0       0       0       0       0
      Locals:         0       0       0       0       0       0       0
      Temps:          0       0       0       0       0       0       0
      Totals:         2       0       0       0       0       0       0
Total ram usage:        2 bytes
 Hardware stack levels used:    1
 Hardware stack levels required when called:    3
 This function calls:
		Nothing
 This function is called by:
		_main
 This function uses a non-reentrant model


 *************** function _getKeypadDriver *****************
 Defined at:
		line 23 in file "drv_keypad.c"
 Parameters:    Size  Location     Type
		None
 Auto vars:     Size  Location     Type
		None
 Return value:  Size  Location     Type
                  2   15[COMRAM] PTR struct .
 Registers used:
		wreg, status,2, status,0
 Tracked objects:
		On entry : 
		On exit  : 
		Unchanged: 
 Data sizes:     COMRAM   BANK0   BANK1   BANK2   BANK3   BANK4   BANK5
      Params:         2       0       0       0       0       0       0
      Locals:         0       0       0       0       0       0       0
      Temps:          0       0       0       0       0       0       0
      Totals:         2       0       0       0       0       0       0
Total ram usage:        2 bytes
 Hardware stack levels used:    1
 Hardware stack levels required when called:    3
 This function calls:
		Nothing
 This function is called by:
		_main
 This function uses a non-reentrant model


 *************** function _ISR *****************
 Defined at:
		line 20 in file "main.c"
 Parameters:    Size  Location     Type
		None
 Auto vars:     Size  Location     Type
		None
 Return value:  Size  Location     Type
                  1    wreg      void 
 Registers used:
		wreg, fsr1l, fsr1h, fsr2l, fsr2h, status,2, status,0, prodl, prodh, cstack
 Tracked objects:
		On entry : 
		On exit  : 
		Unchanged: 
 Data sizes:     COMRAM   BANK0   BANK1   BANK2   BANK3   BANK4   BANK5
      Params:         0       0       0       0       0       0       0
      Locals:         0       0       0       0       0       0       0
      Temps:          6       0       0       0       0       0       0
      Totals:         6       0       0       0       0       0       0
Total ram usage:        6 bytes
 Hardware stack levels used:    1
 Hardware stack levels required when called:    2
 This function calls:
		_KernelClock
 This function is called by:
		Interrupt level 2
 This function uses a non-reentrant model


 *************** function _KernelClock *****************
 Defined at:
		line 57 in file "kernel.c"
 Parameters:    Size  Location     Type
		None
 Auto vars:     Size  Location     Type
  proc            1    8[COMRAM] unsigned char 
 Return value:  Size  Location     Type
                  1    wreg      void 
 Registers used:
		wreg, fsr1l, fsr1h, fsr2l, fsr2h, status,2, status,0, prodl, prodh, cstack
 Tracked objects:
		On entry : 
		On exit  : 
		Unchanged: 
 Data sizes:     COMRAM   BANK0   BANK1   BANK2   BANK3   BANK4   BANK5
      Params:         0       0       0       0       0       0       0
      Locals:         1       0       0       0       0       0       0
      Temps:          2       0       0       0       0       0       0
      Totals:         3       0       0       0       0       0       0
Total ram usage:        3 bytes
 Hardware stack levels used:    1
 Hardware stack levels required when called:    1
 This function calls:
		i2___awmod
 This function is called by:
		_ISR
 This function uses a non-reentrant model


 *************** function i2___awmod *****************
 Defined at:
		line 7 in file "C:\Program Files\Microchip\xc8\v2.20\pic\sources\c90\common\awmod.c"
 Parameters:    Size  Location     Type
  dividend        2    0[COMRAM] int 
  divisor         2    2[COMRAM] int 
 Auto vars:     Size  Location     Type
  sign            1    5[COMRAM] unsigned char 
  counter         1    4[COMRAM] unsigned char 
 Return value:  Size  Location     Type
                  2    0[COMRAM] int 
 Registers used:
		wreg, status,2, status,0
 Tracked objects:
		On entry : 
		On exit  : 
		Unchanged: 
 Data sizes:     COMRAM   BANK0   BANK1   BANK2   BANK3   BANK4   BANK5
      Params:         4       0       0       0       0       0       0
      Locals:         2       0       0       0       0       0       0
      Temps:          0       0       0       0       0       0       0
      Totals:         6       0       0       0       0       0       0
Total ram usage:        6 bytes
 Hardware stack levels used:    1
 This function calls:
		Nothing
 This function is called by:
		_KernelClock
 This function uses a non-reentrant model



MODULE INFORMATION

Module		Function		Class		Link	Load	Size
drv_lcd.c
		_getLcdDriver  		CODE           	197E	0000	43
		_data          		CODE           	1A78	0000	9
		_cmd           		CODE           	1A80	0000	9
		_initLCD       		CODE           	1A5C	0000	11

drv_lcd.c estimated size: 72

keypad.c
		_kpInit        		CODE           	1A66	0000	11
		_kpDebounce    		CODE           	1114	0000	379
		_kpRead        		CODE           	1A34	0000	11

keypad.c estimated size: 401

drv_keypad.c
		_debounce      		CODE           	1A8E	0000	7
		_read          		CODE           	1A1E	0000	23
		_getKeypadDriver		CODE           	19A8	0000	43
		_initKp        		CODE           	1A48	0000	11

drv_keypad.c estimated size: 84

io.c
		_digitalWrite  		CODE           	0B1E	0000	591
		_pinMode       		CODE           	08D0	0000	591

io.c estimated size: 1182

timer.c
		_timerInit     		CODE           	1A70	0000	9

timer.c estimated size: 9

drv_led.c
		_inverte       		CODE           	1A94	0000	5
		_changePORTD   		CODE           	1A88	0000	7
		_initGenerico  		CODE           	1A52	0000	11

drv_led.c estimated size: 23

kernel.c
		_KernelClock   		CODE           	165A	0000	149
		_kernelAddProc 		CODE           	15B6	0000	165
		_kernelInit    		CODE           	1A3E	0000	11
		_kernelLoop    		CODE           	0F54	0000	449

kernel.c estimated size: 774

C:\Program Files\Microchip\xc8\v2.20\pic\sources\c90\common\awmod.c
		___awmod       		CODE           	1456	0000	177

C:\Program Files\Microchip\xc8\v2.20\pic\sources\c90\common\awmod.c estimated size: 177

shared
		_valor@ssd$F554		SMALLCONST     	0601	0000	17
		__initialization		CODE           	18FA	0000	57
		i2___awmod     		CODE           	1506	0000	177

shared estimated size: 251

lcd.c
		_lcdCommand    		CODE           	16EE	0000	127
		_Delay40us     		CODE           	1A06	0000	25
		_lcdInit       		CODE           	176C	0000	121
		_lcdData       		CODE           	1854	0000	85
		_Delay2ms      		CODE           	19D2	0000	29

lcd.c estimated size: 387

main.c
		_ISR           		CODE           	0008	0000	89
		_db            		CODE           	1940	0000	63
		_main          		CODE           	128E	0000	261
		_press         		CODE           	0D6C	0000	489
		_time          		CODE           	17E4	0000	113
		_disp          		CODE           	0612	0000	703

main.c estimated size: 1718

C:\Program Files\Microchip\xc8\v2.20\pic\sources\c90\common\awdiv.c
		___awdiv       		CODE           	1392	0000	197

C:\Program Files\Microchip\xc8\v2.20\pic\sources\c90\common\awdiv.c estimated size: 197

