Microchip MPLAB XC8 Compiler V2.20

Linker command line:

-W-3 --edf=C:\Program Files\Microchip\xc8\v2.20\pic\dat\en_msgs.txt -cn \
  -h+dist/default/production\ecos03_base.X.production.sym \
  --cmf=dist/default/production\ecos03_base.X.production.cmf -z -Q18F4520 \
  -oC:\Users\laura\AppData\Local\Temp\sio0.2 --defsym=__MPLAB_BUILD=1 \
  -Mdist/default/production/ecos03_base.X.production.map -E1 \
  -ver=XC8 Compiler --acfsm=1493 -ASTACK=0134h-05FFh -pstack=STACK \
  -ACODE=00h-07FFFh -ACONST=00h-07FFFh -ASMALLCONST=0600h-06FFhx122 \
  -AMEDIUMCONST=0600h-07FFFh -ACOMRAM=01h-07Fh -AABS1=00h-05FFh \
  -ABIGRAM=01h-05FFh -ARAM=080h-0FFh,0100h-01FFhx5 -ABANK0=080h-0FFh \
  -ABANK1=0100h-01FFh -ABANK2=0200h-02FFh -ABANK3=0300h-03FFh \
  -ABANK4=0400h-04FFh -ABANK5=0500h-05FFh -ASFR=0F80h-0FFFh \
  -ACONFIG=0300000h-030000Dh -AIDLOC=0200000h-0200007h \
  -preset_vec=00h,intcode=08h,intcodelo,powerup,init -pramtop=0600h \
  -psmallconst=SMALLCONST -pmediumconst=MEDIUMCONST -pconst=CONST \
  -AFARRAM=00h-00h -AEEDATA=0F00000h-0F000FFh -peeprom_data=EEDATA \
  -prdata=COMRAM,nvrram=COMRAM,nvbit=COMRAM,rbss=COMRAM,rbit=COMRAM \
  -pfarbss=FARRAM,fardata=FARRAM,nvFARRAM=FARRAM \
  -pintsave_regs=BIGRAM,bigbss=BIGRAM,bigdata=BIGRAM -pbss=RAM \
  -pidata=CODE,irdata=CODE,ibigdata=CODE,ifardata=CODE -prparam=COMRAM \
  C:\Users\laura\AppData\Local\Temp\sio0.o \
  dist/default/production\ecos03_base.X.production.o 

Object code version is 3.11

Machine type is 18F4520



                Name                               Link     Load   Length Selector   Space Scale
C:\Users\laura\AppData\Local\Temp\sio0.o
                idloc                            200000   200000        8        0       5
                config                           300000   300000        E        0       4
                init                                  E        E        4        4       0
                reset_vec                             0        0        4        0       0
dist/default/production\ecos03_base.X.production.o
                intcode                               8        8        6        4       0
                idloc                            200000   200000        8        0       5
                config                           300000   300000        E        0       4
                temp                                 4B       4B        1        1       1
                smallconst                          600      600       12      300       0
                text20                             15FA     15FA       B0      309       0
                text19                             192C     192C       38      309       0
                intcode_body                       1996     1996       22      309       0
                text17                             19F6     19F6        A      309       0
                text16                             19EC     19EC        A      309       0
                text15                             154A     154A       B0      309       0
                text14                              612      612      4C0      309       0
                text13                             1444     1444      106      309       0
                text12                             1188     1188      1B4      309       0
                text11                             133C     133C      108      309       0
                text10                              F6E      F6E      21A      309       0
                text9                              19D4     19D4       18      309       0
                text8                               D20      D20      24E      309       0
                text7                              1892     1892       54      309       0
                text6                              19B8     19B8       1C      309       0
                text5                              1746     1746       7E      309       0
                text4                               AD2      AD2      24E      309       0
                text3                              17C4     17C4       78      309       0
                text2                              183C     183C       56      309       0
                text1                              1A00     1A00        8      309       0
                text0                              16AA     16AA       9C      309       0
                cstackCOMRAM                          1        1       3C        1       1
                cstackBANK1                         100      100       34      100       1
                dataBANK0                            80       80       32       80       1
                bssBANK0                             B2       B2       23       80       1
                bssCOMRAM                            3D       3D        E        1       1
                cinit                              18E6     18E6       46      309       0
                idataBANK0                         1964     1964       32      309       0

TOTAL           Name                               Link     Load   Length     Space
        CLASS   STACK          

        CLASS   CODE           
                intcode                               8        8        6         0
                init                                  E        E        4         0
                reset_vec                             0        0        4         0
                text20                             15FA     15FA       B0         0
                text19                             192C     192C       38         0
                intcode_body                       1996     1996       22         0
                text17                             19F6     19F6        A         0
                text16                             19EC     19EC        A         0
                text15                             154A     154A       B0         0
                text14                              612      612      4C0         0
                text13                             1444     1444      106         0
                text12                             1188     1188      1B4         0
                text11                             133C     133C      108         0
                text10                              F6E      F6E      21A         0
                text9                              19D4     19D4       18         0
                text8                               D20      D20      24E         0
                text7                              1892     1892       54         0
                text6                              19B8     19B8       1C         0
                text5                              1746     1746       7E         0
                text4                               AD2      AD2      24E         0
                text3                              17C4     17C4       78         0
                text2                              183C     183C       56         0
                text1                              1A00     1A00        8         0
                text0                              16AA     16AA       9C         0
                cinit                              18E6     18E6       46         0
                idataBANK0                         1964     1964       32         0

        CLASS   CONST          

        CLASS   SMALLCONST     
                smallconst                          600      600       12         0

        CLASS   MEDIUMCONST    

        CLASS   COMRAM         
                temp                                 4B       4B        1         1
                cstackCOMRAM                          1        1       3C         1
                bssCOMRAM                            3D       3D        E         1

        CLASS   ABS1           

        CLASS   BIGRAM         

        CLASS   RAM            

        CLASS   BANK0          
                dataBANK0                            80       80       32         1
                bssBANK0                             B2       B2       23         1

        CLASS   BANK1          
                cstackBANK1                         100      100       34         1

        CLASS   BANK2          

        CLASS   BANK3          

        CLASS   BANK4          

        CLASS   BANK5          

        CLASS   SFR            

        CLASS   CONFIG         
                config                           300000   300000        E         4

        CLASS   IDLOC          
                idloc                            200000   200000        8         5

        CLASS   FARRAM         

        CLASS   EEDATA         



SEGMENTS        Name                           Load    Length   Top    Selector   Space  Class

                reset_vec                      000000  000004  000004         0       0  CODE    
                cstackCOMRAM                   000001  00004B  00004C         1       1  COMRAM  
                intcode                        000008  00000A  000012         4       0  CODE    
                dataBANK0                      000080  000055  0000D5        80       1  BANK0   
                cstackBANK1                    000100  000034  000134       100       1  BANK1   
                smallconst                     000600  000012  000612       300       0  SMALLCON
                text14                         000612  0013F6  001A08       309       0  CODE    


UNUSED ADDRESS RANGES

        Name                Unused          Largest block    Delta
        BANK0            0000D5-0000FF               2B
        BANK1            000134-0001FF               CC
        BANK2            000200-0002FF              100
        BANK3            000300-0003FF              100
        BANK4            000400-0004FF              100
        BANK5            000500-0005FF              100
        BIGRAM           00004C-00007F               34
                         0000D5-0000FF               2B
                         000134-0005FF              4CC
        CODE             000004-000007                4
                         000012-0005FF              5EE
                         001A08-007FFF             65F8
        COMRAM           00004C-00007F               34
        CONST            000004-000007                4
                         000012-0005FF              5EE
                         001A08-007FFF             65F8
        EEDATA           F00000-F000FF              100
        MEDIUMCONST      001A08-007FFF             65F8
        RAM              0000D5-0000FF               2B
                         000134-0005FF              100
        SFR              000F80-000FFF               80
        SMALLCONST       001A08-007FFF              100
        STACK            000134-0005FF              4CC

                                  Symbol Table

?___awmod                cstackCOMRAM 000008
?___fladd                cstackCOMRAM 000016
?___fltol                cstackCOMRAM 000026
?___xxtofl               cstackCOMRAM 000008
?i2___awmod              cstackCOMRAM 000001
Delay2ms@i               cstackCOMRAM 000009
Delay40us@i              cstackCOMRAM 000008
KernelClock@proc         cstackCOMRAM 000007
_ADCON0                  (abs)        000FC2
_ADCON2                  (abs)        000FC0
_ADRESH                  (abs)        000FC4
_ADRESL                  (abs)        000FC3
_BAUDCON                 (abs)        000FB8
_CCP1CON                 (abs)        000FBD
_CCPR1L                  (abs)        000FBE
_Delay2ms                text6        0019B8
_Delay40us               text9        0019D4
_INTCON                  (abs)        000FF2
_ISR                     intcode      000008
_KernelClock             text19       00192C
_PIR1                    (abs)        000F9E
_PORTA                   (abs)        000F80
_PORTB                   (abs)        000F81
_PORTC                   (abs)        000F82
_PORTD                   (abs)        000F83
_PORTE                   (abs)        000F84
_PR2                     (abs)        000FCB
_RCON                    (abs)        000FD0
_RCREG                   (abs)        000FAE
_RCSTA                   (abs)        000FAB
_SPBRG                   (abs)        000FAF
_SPBRGH                  (abs)        000FB0
_T0CON                   (abs)        000FD5
_T2CON                   (abs)        000FCA
_TMR0H                   (abs)        000FD7
_TMR0L                   (abs)        000FD6
_TRISA                   (abs)        000F92
_TRISB                   (abs)        000F93
_TRISC                   (abs)        000F94
_TRISD                   (abs)        000F95
_TRISE                   (abs)        000F96
_TXREG                   (abs)        000FAD
_TXSTA                   (abs)        000FAC
__HRAM                   (abs)        000000
__Habs1                  abs1         000000
__Hbank0                 bank0        000000
__Hbank1                 bank1        000000
__Hbank2                 bank2        000000
__Hbank3                 bank3        000000
__Hbank4                 bank4        000000
__Hbank5                 bank5        000000
__Hbigbss                bigbss       000000
__Hbigdata               bigdata      000000
__Hbigram                bigram       000000
__Hbss                   bss          000000
__HbssBANK0              bssBANK0     000000
__HbssCOMRAM             bssCOMRAM    000000
__Hcinit                 cinit        000000
__Hclrtext               clrtext      000000
__Hcomram                comram       000000
__Hconfig                config       30000E
__Hconst                 const        000000
__HcstackBANK1           cstackBANK1  000000
__HcstackCOMRAM          cstackCOMRAM 000000
__Hdata                  data         000000
__HdataBANK0             dataBANK0    000000
__Heeprom_data           eeprom_data  000000
__Hfarbss                farbss       000000
__Hfardata               fardata      000000
__Hibigdata              ibigdata     000000
__Hidata                 idata        000000
__HidataBANK0            idataBANK0   000000
__Hidloc                 idloc        200008
__Hifardata              ifardata     000000
__Hinit                  init         000012
__Hintcode               intcode      00000E
__Hintcode_body          intcode_body 000000
__Hintcodelo             intcodelo    00000E
__Hintentry              intentry     000000
__Hintret                intret       000000
__Hintsave_regs          intsave_regs 000000
__Hirdata                irdata       000000
__Hmediumconst           mediumconst  000000
__HnvFARRAM              nvFARRAM     000000
__Hnvbit                 nvbit        000000
__Hnvrram                nvrram       000000
__Hparam                 rparam       000000
__Hpowerup               powerup      00000E
__Hram                   ram          000000
__Hramtop                ramtop       000600
__Hrbit                  rbit         000000
__Hrbss                  rbss         000000
__Hrdata                 rdata        000000
__Hreset_vec             reset_vec    000004
__Hrparam                rparam       000000
__Hsfr                   sfr          000000
__Hsmallconst            smallconst   000612
__Hspace_0               (abs)        001A08
__Hspace_1               (abs)        000134
__Hspace_2               (abs)        000000
__Hspace_4               (abs)        60000E
__Hstack                 stack        000000
__Hstruct                struct       000000
__Htemp                  temp         00004C
__Htext                  text         000000
__Htext0                 text0        000000
__Htext1                 text1        000000
__Htext10                text10       000000
__Htext11                text11       000000
__Htext12                text12       000000
__Htext13                text13       000000
__Htext14                text14       000000
__Htext15                text15       000000
__Htext16                text16       000000
__Htext17                text17       000000
__Htext19                text19       000000
__Htext2                 text2        000000
__Htext20                text20       000000
__Htext3                 text3        000000
__Htext4                 text4        000000
__Htext5                 text5        000000
__Htext6                 text6        000000
__Htext7                 text7        000000
__Htext8                 text8        000000
__Htext9                 text9        000000
__LRAM                   (abs)        000001
__Labs1                  abs1         000000
__Lbank0                 bank0        000000
__Lbank1                 bank1        000000
__Lbank2                 bank2        000000
__Lbank3                 bank3        000000
__Lbank4                 bank4        000000
__Lbank5                 bank5        000000
__Lbigbss                bigbss       000000
__Lbigdata               bigdata      000000
__Lbigram                bigram       000000
__Lbss                   bss          000000
__LbssBANK0              bssBANK0     000000
__LbssCOMRAM             bssCOMRAM    000000
__Lcinit                 cinit        000000
__Lclrtext               clrtext      000000
__Lcomram                comram       000000
__Lconfig                config       000000
__Lconst                 const        000000
__LcstackBANK1           cstackBANK1  000000
__LcstackCOMRAM          cstackCOMRAM 000000
__Ldata                  data         000000
__LdataBANK0             dataBANK0    000000
__Leeprom_data           eeprom_data  000000
__Lfarbss                farbss       000000
__Lfardata               fardata      000000
__Libigdata              ibigdata     000000
__Lidata                 idata        000000
__LidataBANK0            idataBANK0   000000
__Lidloc                 idloc        000000
__Lifardata              ifardata     000000
__Linit                  init         00000E
__Lintcode               intcode      000008
__Lintcode_body          intcode_body 000000
__Lintcodelo             intcodelo    00000E
__Lintentry              intentry     000000
__Lintret                intret       000000
__Lintsave_regs          intsave_regs 000000
__Lirdata                irdata       000000
__Lmediumconst           mediumconst  000000
__LnvFARRAM              nvFARRAM     000000
__Lnvbit                 nvbit        000000
__Lnvrram                nvrram       000000
__Lparam                 rparam       000000
__Lpowerup               powerup      00000E
__Lram                   ram          000000
__Lramtop                ramtop       000600
__Lrbit                  rbit         000000
__Lrbss                  rbss         000000
__Lrdata                 rdata        000000
__Lreset_vec             reset_vec    000000
__Lrparam                rparam       000000
__Lsfr                   sfr          000000
__Lsmallconst            smallconst   000600
__Lspace_0               (abs)        000000
__Lspace_1               (abs)        000000
__Lspace_2               (abs)        000000
__Lspace_4               (abs)        000000
__Lstack                 stack        000000
__Lstruct                struct       000000
__Ltemp                  temp         00004B
__Ltext                  text         000000
__Ltext0                 text0        000000
__Ltext1                 text1        000000
__Ltext10                text10       000000
__Ltext11                text11       000000
__Ltext12                text12       000000
__Ltext13                text13       000000
__Ltext14                text14       000000
__Ltext15                text15       000000
__Ltext16                text16       000000
__Ltext17                text17       000000
__Ltext19                text19       000000
__Ltext2                 text2        000000
__Ltext20                text20       000000
__Ltext3                 text3        000000
__Ltext4                 text4        000000
__Ltext5                 text5        000000
__Ltext6                 text6        000000
__Ltext7                 text7        000000
__Ltext8                 text8        000000
__Ltext9                 text9        000000
__S0                     (abs)        001A08
__S1                     (abs)        000134
__S2                     (abs)        000000
__S4                     (abs)        000000
__S5                     (abs)        000000
___awmod                 text15       00154A
___awmod@counter         cstackCOMRAM 00000C
___awmod@dividend        cstackCOMRAM 000008
___awmod@divisor         cstackCOMRAM 00000A
___awmod@sign            cstackCOMRAM 00000D
___fladd                 text14       000612
___fladd@a               cstackCOMRAM 00001A
___fladd@aexp            cstackCOMRAM 000023
___fladd@b               cstackCOMRAM 000016
___fladd@bexp            cstackCOMRAM 000024
___fladd@grs             cstackCOMRAM 000025
___fladd@signs           cstackCOMRAM 000022
___fltol                 text13       001444
___fltol@exp1            cstackCOMRAM 00002F
___fltol@f1              cstackCOMRAM 000026
___fltol@sign1           cstackCOMRAM 00002E
___inthi_sp              stack        000000
___intlo_sp              stack        000000
___param_bank            (abs)        000000
___rparam_used           (abs)        000001
___sp                    stack        000000
___xxtofl                text12       001188
___xxtofl@arg            cstackCOMRAM 000012
___xxtofl@exp            cstackCOMRAM 000011
___xxtofl@sign           cstackCOMRAM 000010
___xxtofl@val            cstackCOMRAM 000008
__accesstop              (abs)        000080
__activetblptr           (abs)        000002
__end_of_Delay2ms        text6        0019D4
__end_of_Delay40us       text9        0019EC
__end_of_ISR             intcode_body 0019B8
__end_of_KernelClock     text19       001964
__end_of___awmod         text15       0015FA
__end_of___fladd         text14       000AD2
__end_of___fltol         text13       00154A
__end_of___xxtofl        text12       00133C
__end_of__initialization cinit        00191E
__end_of_digitalWrite    text8        000F6E
__end_of_interrupInit    text17       001A00
__end_of_kernelAddProc   text11       001444
__end_of_kernelInit      text16       0019F6
__end_of_kernelLoop      text10       001188
__end_of_lcdCommand      text5        0017C4
__end_of_lcdData         text7        0018E6
__end_of_lcdInit         text3        00183C
__end_of_main            text0        001746
__end_of_pinMode         text4        000D20
__end_of_ssdInit         text2        001892
__end_of_timerInit       text1        001A08
__end_of_valor@ssd$F559  smallconst   000611
__end_ofi2___awmod       text20       0016AA
__initialization         cinit        0018E6
__mediumconst            mediumconst  000000
__pbssBANK0              bssBANK0     0000B2
__pbssCOMRAM             bssCOMRAM    00003D
__pcinit                 cinit        0018E6
__pcstackBANK1           cstackBANK1  000100
__pcstackCOMRAM          cstackCOMRAM 000001
__pdataBANK0             dataBANK0    000080
__pidataBANK0            idataBANK0   001964
__pintcode               intcode      000008
__pintcode_body          intcode_body 001996
__psmallconst            smallconst   000600
__ptext0                 text0        0016AA
__ptext1                 text1        001A00
__ptext10                text10       000F6E
__ptext11                text11       00133C
__ptext12                text12       001188
__ptext13                text13       001444
__ptext14                text14       000612
__ptext15                text15       00154A
__ptext16                text16       0019EC
__ptext17                text17       0019F6
__ptext19                text19       00192C
__ptext2                 text2        00183C
__ptext20                text20       0015FA
__ptext3                 text3        0017C4
__ptext4                 text4        000AD2
__ptext5                 text5        001746
__ptext6                 text6        0019B8
__ptext7                 text7        001892
__ptext8                 text8        000D20
__ptext9                 text9        0019D4
__ramtop                 ramtop       000600
__size_of_Delay2ms       (abs)        000000
__size_of_Delay40us      (abs)        000000
__size_of_ISR            (abs)        000000
__size_of_KernelClock    (abs)        000000
__size_of___awmod        (abs)        000000
__size_of___fladd        (abs)        000000
__size_of___fltol        (abs)        000000
__size_of___xxtofl       (abs)        000000
__size_of_digitalWrite   (abs)        000000
__size_of_interrupInit   (abs)        000000
__size_of_kernelAddProc  (abs)        000000
__size_of_kernelInit     (abs)        000000
__size_of_kernelLoop     (abs)        000000
__size_of_lcdCommand     (abs)        000000
__size_of_lcdData        (abs)        000000
__size_of_lcdInit        (abs)        000000
__size_of_main           (abs)        000000
__size_of_pinMode        (abs)        000000
__size_of_ssdInit        (abs)        000000
__size_of_timerInit      (abs)        000000
__size_ofi2___awmod      (abs)        000000
__smallconst             smallconst   000600
_changePORTD             (abs)        000000
_count                   bssCOMRAM    00004A
_digitalWrite            text8        000D20
_display                 bssCOMRAM    000045
_end                     bssCOMRAM    000048
_firstLeds               (abs)        000000
_i                       bssBANK0     0000CA
_initGenerico            (abs)        000000
_interrupInit            text17       0019F6
_inverte                 (abs)        000000
_j                       bssBANK0     0000C8
_kernelAddProc           text11       00133C
_kernelInit              text16       0019EC
_kernelLoop              text10       000F6E
_lastLeds                (abs)        000000
_lcdCommand              text5        001746
_lcdData                 text7        001892
_lcdInit                 text3        0017C4
_ledInit                 (abs)        000000
_main                    text0        0016AA
_my_funcs                bssBANK0     0000D1
_myself                  bssBANK0     0000CC
_pinMode                 text4        000AD2
_pool                    bssBANK0     0000B2
_ssdInit                 text2        00183C
_start                   bssCOMRAM    000049
_started                 bssCOMRAM    000046
_time                    (abs)        000000
_timerInit               text1        001A00
_update                  (abs)        000000
_v0                      bssCOMRAM    000044
_v1                      bssCOMRAM    000043
_v2                      bssCOMRAM    000042
_v3                      bssCOMRAM    000041
_valor                   bssBANK0     0000C6
_valor@ssd$F559          smallconst   000601
btemp                    temp         00004B
digitalWrite@pin         cstackCOMRAM 000008
digitalWrite@value       cstackCOMRAM 00000A
end_of_initialization    cinit        00191E
i2___awmod               text20       0015FA
i2___awmod@counter       cstackCOMRAM 000005
i2___awmod@dividend      cstackCOMRAM 000001
i2___awmod@divisor       cstackCOMRAM 000003
i2___awmod@sign          cstackCOMRAM 000006
int$flags                temp         00004B
int_func                 intcode_body 001996
intlevel0                text         000000
intlevel1                text         000000
intlevel2                text         000000
intlevel3                text         000000
kernelAddProc@newProc    cstackCOMRAM 000030
kernelLoop@next          cstackCOMRAM 00003B
kernelLoop@p             cstackCOMRAM 00003C
kernelLoop@tempProc      cstackCOMRAM 000039
kpDebounce@tempo         bssCOMRAM    000047
kpDebounce@valorAntigo   bssCOMRAM    00003D
kpDebounce@valorNovo     bssCOMRAM    00003F
lcdCommand@cmd           cstackCOMRAM 00000F
lcdCommand@old_D         cstackCOMRAM 00000E
lcdData@old_D            cstackCOMRAM 00000F
lcdData@valor            cstackCOMRAM 00000E
main@F2412               dataBANK0    0000A8
main@F2415               dataBANK0    00009E
main@F2418               dataBANK0    000094
main@F2421               dataBANK0    00008A
main@F2424               dataBANK0    000080
main@cont                cstackBANK1  000132
main@p2                  cstackBANK1  00010A
main@p3                  cstackBANK1  000114
main@p4                  cstackBANK1  00011E
main@p5                  cstackBANK1  000128
pinMode@pin              cstackCOMRAM 000008
pinMode@type             cstackCOMRAM 00000A
stackhi                  (abs)        0005FF
stacklo                  (abs)        000134
start                    init         00000E
start_initialization     cinit        0018E6
ttemp5                   temp         00004C
ttemp6                   temp         00004F
ttemp7                   temp         000053
wtemp8                   temp         00004C


FUNCTION INFORMATION:

 *************** function _main *****************
 Defined at:
		line 77 in file "main.c"
 Parameters:    Size  Location     Type
		None
 Auto vars:     Size  Location     Type
  cont            2   50[BANK1 ] int 
  p5             10   40[BANK1 ] struct .
  p4             10   30[BANK1 ] struct .
  p3             10   20[BANK1 ] struct .
  p2             10   10[BANK1 ] struct .
  p1             10    0        struct .
 Return value:  Size  Location     Type
                  1    wreg      void 
 Registers used:
		wreg, fsr0l, fsr0h, fsr1l, fsr1h, fsr2l, fsr2h, status,2, status,0, prodl, prodh, cstack
 Tracked objects:
		On entry : 
		On exit  : 
		Unchanged: 
 Data sizes:     COMRAM   BANK0   BANK1   BANK2   BANK3   BANK4   BANK5
      Params:         0       0       0       0       0       0       0
      Locals:         0       0      52       0       0       0       0
      Temps:          0       0       0       0       0       0       0
      Totals:         0       0      52       0       0       0       0
Total ram usage:       52 bytes
 Hardware stack levels required when called:    7
 This function calls:
		_interrupInit
		_kernelInit
		_kernelLoop
		_lcdCommand
		_lcdData
		_lcdInit
		_ssdInit
		_timerInit
 This function is called by:
		Startup code after reset
 This function uses a non-reentrant model


 *************** function _timerInit *****************
 Defined at:
		line 51 in file "timer.c"
 Parameters:    Size  Location     Type
		None
 Auto vars:     Size  Location     Type
		None
 Return value:  Size  Location     Type
                  1    wreg      void 
 Registers used:
		wreg, status,2, status,0
 Tracked objects:
		On entry : 
		On exit  : 
		Unchanged: 
 Data sizes:     COMRAM   BANK0   BANK1   BANK2   BANK3   BANK4   BANK5
      Params:         0       0       0       0       0       0       0
      Locals:         0       0       0       0       0       0       0
      Temps:          0       0       0       0       0       0       0
      Totals:         0       0       0       0       0       0       0
Total ram usage:        0 bytes
 Hardware stack levels used:    1
 Hardware stack levels required when called:    3
 This function calls:
		Nothing
 This function is called by:
		_main
 This function uses a non-reentrant model


 *************** function _ssdInit *****************
 Defined at:
		line 101 in file "ssd.c"
 Parameters:    Size  Location     Type
		None
 Auto vars:     Size  Location     Type
		None
 Return value:  Size  Location     Type
                  1    wreg      void 
 Registers used:
		wreg, status,2, status,0, cstack
 Tracked objects:
		On entry : 
		On exit  : 
		Unchanged: 
 Data sizes:     COMRAM   BANK0   BANK1   BANK2   BANK3   BANK4   BANK5
      Params:         0       0       0       0       0       0       0
      Locals:         0       0       0       0       0       0       0
      Temps:          0       0       0       0       0       0       0
      Totals:         0       0       0       0       0       0       0
Total ram usage:        0 bytes
 Hardware stack levels used:    1
 Hardware stack levels required when called:    4
 This function calls:
		_pinMode
 This function is called by:
		_main
 This function uses a non-reentrant model


 *************** function _lcdInit *****************
 Defined at:
		line 95 in file "lcd.c"
 Parameters:    Size  Location     Type
		None
 Auto vars:     Size  Location     Type
		None
 Return value:  Size  Location     Type
                  1    wreg      void 
 Registers used:
		wreg, status,2, status,0, cstack
 Tracked objects:
		On entry : 
		On exit  : 
		Unchanged: 
 Data sizes:     COMRAM   BANK0   BANK1   BANK2   BANK3   BANK4   BANK5
      Params:         0       0       0       0       0       0       0
      Locals:         0       0       0       0       0       0       0
      Temps:          0       0       0       0       0       0       0
      Totals:         0       0       0       0       0       0       0
Total ram usage:        0 bytes
 Hardware stack levels used:    1
 Hardware stack levels required when called:    6
 This function calls:
		_Delay2ms
		_lcdCommand
		_pinMode
 This function is called by:
		_main
 This function uses a non-reentrant model


 *************** function _pinMode *****************
 Defined at:
		line 54 in file "io.c"
 Parameters:    Size  Location     Type
  pin             2    7[COMRAM] int 
  type            2    9[COMRAM] int 
 Auto vars:     Size  Location     Type
		None
 Return value:  Size  Location     Type
                  1    wreg      void 
 Registers used:
		wreg, status,2, status,0
 Tracked objects:
		On entry : 
		On exit  : 
		Unchanged: 
 Data sizes:     COMRAM   BANK0   BANK1   BANK2   BANK3   BANK4   BANK5
      Params:         4       0       0       0       0       0       0
      Locals:         0       0       0       0       0       0       0
      Temps:          2       0       0       0       0       0       0
      Totals:         6       0       0       0       0       0       0
Total ram usage:        6 bytes
 Hardware stack levels used:    1
 Hardware stack levels required when called:    3
 This function calls:
		Nothing
 This function is called by:
		_lcdInit
		_ssdInit
		_adcInit
		_i2cInit
		_read_SCL
		_read_SDA
		_clear_SCL
		_clear_SDA
 This function uses a non-reentrant model


 *************** function _lcdCommand *****************
 Defined at:
		line 48 in file "lcd.c"
 Parameters:    Size  Location     Type
  cmd             1    wreg     unsigned char 
 Auto vars:     Size  Location     Type
  cmd             1   14[COMRAM] unsigned char 
  old_D           1   13[COMRAM] unsigned char 
 Return value:  Size  Location     Type
                  1    wreg      void 
 Registers used:
		wreg, status,2, status,0, cstack
 Tracked objects:
		On entry : 
		On exit  : 
		Unchanged: 
 Data sizes:     COMRAM   BANK0   BANK1   BANK2   BANK3   BANK4   BANK5
      Params:         0       0       0       0       0       0       0
      Locals:         2       0       0       0       0       0       0
      Temps:          0       0       0       0       0       0       0
      Totals:         2       0       0       0       0       0       0
Total ram usage:        2 bytes
 Hardware stack levels used:    1
 Hardware stack levels required when called:    5
 This function calls:
		_Delay2ms
		_Delay40us
		_digitalWrite
 This function is called by:
		_main
		_lcdInit
 This function uses a non-reentrant model


 *************** function _Delay2ms *****************
 Defined at:
		line 37 in file "lcd.c"
 Parameters:    Size  Location     Type
		None
 Auto vars:     Size  Location     Type
  i               1    8[COMRAM] unsigned char 
 Return value:  Size  Location     Type
                  1    wreg      void 
 Registers used:
		wreg, status,2, status,0, cstack
 Tracked objects:
		On entry : 
		On exit  : 
		Unchanged: 
 Data sizes:     COMRAM   BANK0   BANK1   BANK2   BANK3   BANK4   BANK5
      Params:         0       0       0       0       0       0       0
      Locals:         1       0       0       0       0       0       0
      Temps:          0       0       0       0       0       0       0
      Totals:         1       0       0       0       0       0       0
Total ram usage:        1 bytes
 Hardware stack levels used:    1
 Hardware stack levels required when called:    4
 This function calls:
		_Delay40us
 This function is called by:
		_lcdCommand
		_lcdInit
 This function uses a non-reentrant model


 *************** function _lcdData *****************
 Defined at:
		line 74 in file "lcd.c"
 Parameters:    Size  Location     Type
  valor           1    wreg     unsigned char 
 Auto vars:     Size  Location     Type
  valor           1   13[COMRAM] unsigned char 
  old_D           1   14[COMRAM] unsigned char 
 Return value:  Size  Location     Type
                  1    wreg      void 
 Registers used:
		wreg, status,2, status,0, cstack
 Tracked objects:
		On entry : 
		On exit  : 
		Unchanged: 
 Data sizes:     COMRAM   BANK0   BANK1   BANK2   BANK3   BANK4   BANK5
      Params:         0       0       0       0       0       0       0
      Locals:         2       0       0       0       0       0       0
      Temps:          0       0       0       0       0       0       0
      Totals:         2       0       0       0       0       0       0
Total ram usage:        2 bytes
 Hardware stack levels used:    1
 Hardware stack levels required when called:    4
 This function calls:
		_Delay40us
		_digitalWrite
 This function is called by:
		_main
 This function uses a non-reentrant model


 *************** function _digitalWrite *****************
 Defined at:
		line 14 in file "io.c"
 Parameters:    Size  Location     Type
  pin             2    7[COMRAM] int 
  value           2    9[COMRAM] int 
 Auto vars:     Size  Location     Type
		None
 Return value:  Size  Location     Type
                  1    wreg      void 
 Registers used:
		wreg, status,2, status,0
 Tracked objects:
		On entry : 
		On exit  : 
		Unchanged: 
 Data sizes:     COMRAM   BANK0   BANK1   BANK2   BANK3   BANK4   BANK5
      Params:         4       0       0       0       0       0       0
      Locals:         0       0       0       0       0       0       0
      Temps:          2       0       0       0       0       0       0
      Totals:         6       0       0       0       0       0       0
Total ram usage:        6 bytes
 Hardware stack levels used:    1
 Hardware stack levels required when called:    3
 This function calls:
		Nothing
 This function is called by:
		_lcdCommand
		_lcdData
		_clear_SCL
		_clear_SDA
		_ssdUpdate
 This function uses a non-reentrant model


 *************** function _Delay40us *****************
 Defined at:
		line 31 in file "lcd.c"
 Parameters:    Size  Location     Type
		None
 Auto vars:     Size  Location     Type
  i               1    7[COMRAM] unsigned char 
 Return value:  Size  Location     Type
                  1    wreg      void 
 Registers used:
		wreg, status,2, status,0
 Tracked objects:
		On entry : 
		On exit  : 
		Unchanged: 
 Data sizes:     COMRAM   BANK0   BANK1   BANK2   BANK3   BANK4   BANK5
      Params:         0       0       0       0       0       0       0
      Locals:         1       0       0       0       0       0       0
      Temps:          0       0       0       0       0       0       0
      Totals:         1       0       0       0       0       0       0
Total ram usage:        1 bytes
 Hardware stack levels used:    1
 Hardware stack levels required when called:    3
 This function calls:
		Nothing
 This function is called by:
		_Delay2ms
		_lcdCommand
		_lcdData
 This function uses a non-reentrant model


 *************** function _kernelLoop *****************
 Defined at:
		line 24 in file "kernel.c"
 Parameters:    Size  Location     Type
		None
 Auto vars:     Size  Location     Type
  tempProc        2   56[COMRAM] PTR struct .
  p               1   59[COMRAM] unsigned char 
  next            1   58[COMRAM] unsigned char 
 Return value:  Size  Location     Type
                  1    wreg      void 
 Registers used:
		wreg, fsr0l, fsr0h, fsr1l, fsr1h, fsr2l, fsr2h, status,2, status,0, prodl, prodh, cstack
 Tracked objects:
		On entry : 
		On exit  : 
		Unchanged: 
 Data sizes:     COMRAM   BANK0   BANK1   BANK2   BANK3   BANK4   BANK5
      Params:         0       0       0       0       0       0       0
      Locals:         4       0       0       0       0       0       0
      Temps:          5       0       0       0       0       0       0
      Totals:         9       0       0       0       0       0       0
Total ram usage:        9 bytes
 Hardware stack levels used:    1
 Hardware stack levels required when called:    5
 This function calls:
		___awmod
		_kernelAddProc
 This function is called by:
		_main
 This function uses a non-reentrant model


 *************** function _kernelAddProc *****************
 Defined at:
		line 13 in file "kernel.c"
 Parameters:    Size  Location     Type
  newProc         2   47[COMRAM] PTR struct .
 Auto vars:     Size  Location     Type
		None
 Return value:  Size  Location     Type
                  1    wreg      unsigned char 
 Registers used:
		wreg, fsr1l, fsr1h, fsr2l, fsr2h, status,2, status,0, prodl, prodh, cstack
 Tracked objects:
		On entry : 
		On exit  : 
		Unchanged: 
 Data sizes:     COMRAM   BANK0   BANK1   BANK2   BANK3   BANK4   BANK5
      Params:         2       0       0       0       0       0       0
      Locals:         0       0       0       0       0       0       0
      Temps:          2       0       0       0       0       0       0
      Totals:         4       0       0       0       0       0       0
Total ram usage:        4 bytes
 Hardware stack levels used:    1
 Hardware stack levels required when called:    4
 This function calls:
		___awmod
		___fladd
		___fltol
		___xxtofl
 This function is called by:
		_kernelLoop
 This function uses a non-reentrant model


 *************** function ___xxtofl *****************
 Defined at:
		line 10 in file "C:\Program Files\Microchip\xc8\v2.20\pic\sources\c90\common\xxtofl.c"
 Parameters:    Size  Location     Type
  sign            1    wreg     unsigned char 
  val             4    7[COMRAM] long 
 Auto vars:     Size  Location     Type
  sign            1   15[COMRAM] unsigned char 
  arg             4   17[COMRAM] unsigned long 
  exp             1   16[COMRAM] unsigned char 
 Return value:  Size  Location     Type
                  4    7[COMRAM] unsigned char 
 Registers used:
		wreg, status,2, status,0
 Tracked objects:
		On entry : 
		On exit  : 
		Unchanged: 
 Data sizes:     COMRAM   BANK0   BANK1   BANK2   BANK3   BANK4   BANK5
      Params:         4       0       0       0       0       0       0
      Locals:         6       0       0       0       0       0       0
      Temps:          4       0       0       0       0       0       0
      Totals:        14       0       0       0       0       0       0
Total ram usage:       14 bytes
 Hardware stack levels used:    1
 Hardware stack levels required when called:    3
 This function calls:
		Nothing
 This function is called by:
		_kernelAddProc
 This function uses a non-reentrant model


 *************** function ___fltol *****************
 Defined at:
		line 43 in file "C:\Program Files\Microchip\xc8\v2.20\pic\sources\c90\common\fltol.c"
 Parameters:    Size  Location     Type
  f1              4   37[COMRAM] unsigned char 
 Auto vars:     Size  Location     Type
  exp1            1   46[COMRAM] unsigned char 
  sign1           1   45[COMRAM] unsigned char 
 Return value:  Size  Location     Type
                  4   37[COMRAM] long 
 Registers used:
		wreg, status,2, status,0
 Tracked objects:
		On entry : 
		On exit  : 
		Unchanged: 
 Data sizes:     COMRAM   BANK0   BANK1   BANK2   BANK3   BANK4   BANK5
      Params:         4       0       0       0       0       0       0
      Locals:         2       0       0       0       0       0       0
      Temps:          4       0       0       0       0       0       0
      Totals:        10       0       0       0       0       0       0
Total ram usage:       10 bytes
 Hardware stack levels used:    1
 Hardware stack levels required when called:    3
 This function calls:
		Nothing
 This function is called by:
		_kernelAddProc
 This function uses a non-reentrant model


 *************** function ___fladd *****************
 Defined at:
		line 10 in file "C:\Program Files\Microchip\xc8\v2.20\pic\sources\c90\common\sprcadd.c"
 Parameters:    Size  Location     Type
  b               4   21[COMRAM] long 
  a               4   25[COMRAM] long 
 Auto vars:     Size  Location     Type
  grs             1   36[COMRAM] unsigned char 
  bexp            1   35[COMRAM] unsigned char 
  aexp            1   34[COMRAM] unsigned char 
  signs           1   33[COMRAM] unsigned char 
 Return value:  Size  Location     Type
                  4   21[COMRAM] unsigned char 
 Registers used:
		wreg, status,2, status,0
 Tracked objects:
		On entry : 
		On exit  : 
		Unchanged: 
 Data sizes:     COMRAM   BANK0   BANK1   BANK2   BANK3   BANK4   BANK5
      Params:         8       0       0       0       0       0       0
      Locals:         4       0       0       0       0       0       0
      Temps:          4       0       0       0       0       0       0
      Totals:        16       0       0       0       0       0       0
Total ram usage:       16 bytes
 Hardware stack levels used:    1
 Hardware stack levels required when called:    3
 This function calls:
		Nothing
 This function is called by:
		_kernelAddProc
 This function uses a non-reentrant model


 *************** function ___awmod *****************
 Defined at:
		line 7 in file "C:\Program Files\Microchip\xc8\v2.20\pic\sources\c90\common\awmod.c"
 Parameters:    Size  Location     Type
  dividend        2    7[COMRAM] int 
  divisor         2    9[COMRAM] int 
 Auto vars:     Size  Location     Type
  sign            1   12[COMRAM] unsigned char 
  counter         1   11[COMRAM] unsigned char 
 Return value:  Size  Location     Type
                  2    7[COMRAM] int 
 Registers used:
		wreg, status,2, status,0
 Tracked objects:
		On entry : 
		On exit  : 
		Unchanged: 
 Data sizes:     COMRAM   BANK0   BANK1   BANK2   BANK3   BANK4   BANK5
      Params:         4       0       0       0       0       0       0
      Locals:         2       0       0       0       0       0       0
      Temps:          0       0       0       0       0       0       0
      Totals:         6       0       0       0       0       0       0
Total ram usage:        6 bytes
 Hardware stack levels used:    1
 Hardware stack levels required when called:    3
 This function calls:
		Nothing
 This function is called by:
		_kernelAddProc
		_kernelLoop
		_time
		_dsdec2bcd
 This function uses a non-reentrant model


 *************** function _kernelInit *****************
 Defined at:
		line 7 in file "kernel.c"
 Parameters:    Size  Location     Type
		None
 Auto vars:     Size  Location     Type
		None
 Return value:  Size  Location     Type
                  1    wreg      unsigned char 
 Registers used:
		wreg, status,2
 Tracked objects:
		On entry : 
		On exit  : 
		Unchanged: 
 Data sizes:     COMRAM   BANK0   BANK1   BANK2   BANK3   BANK4   BANK5
      Params:         0       0       0       0       0       0       0
      Locals:         0       0       0       0       0       0       0
      Temps:          0       0       0       0       0       0       0
      Totals:         0       0       0       0       0       0       0
Total ram usage:        0 bytes
 Hardware stack levels used:    1
 Hardware stack levels required when called:    3
 This function calls:
		Nothing
 This function is called by:
		_main
 This function uses a non-reentrant model


 *************** function _interrupInit *****************
 Defined at:
		line 69 in file "main.c"
 Parameters:    Size  Location     Type
		None
 Auto vars:     Size  Location     Type
		None
 Return value:  Size  Location     Type
                  1    wreg      void 
 Registers used:
		status,2, status,0
 Tracked objects:
		On entry : 
		On exit  : 
		Unchanged: 
 Data sizes:     COMRAM   BANK0   BANK1   BANK2   BANK3   BANK4   BANK5
      Params:         0       0       0       0       0       0       0
      Locals:         0       0       0       0       0       0       0
      Temps:          0       0       0       0       0       0       0
      Totals:         0       0       0       0       0       0       0
Total ram usage:        0 bytes
 Hardware stack levels used:    1
 Hardware stack levels required when called:    3
 This function calls:
		Nothing
 This function is called by:
		_main
 This function uses a non-reentrant model


 *************** function _ISR *****************
 Defined at:
		line 15 in file "main.c"
 Parameters:    Size  Location     Type
		None
 Auto vars:     Size  Location     Type
		None
 Return value:  Size  Location     Type
                  1    wreg      void 
 Registers used:
		wreg, status,2, status,0, cstack
 Tracked objects:
		On entry : 
		On exit  : 
		Unchanged: 
 Data sizes:     COMRAM   BANK0   BANK1   BANK2   BANK3   BANK4   BANK5
      Params:         0       0       0       0       0       0       0
      Locals:         0       0       0       0       0       0       0
      Temps:          0       0       0       0       0       0       0
      Totals:         0       0       0       0       0       0       0
Total ram usage:        0 bytes
 Hardware stack levels used:    1
 Hardware stack levels required when called:    2
 This function calls:
		_KernelClock
 This function is called by:
		Interrupt level 2
 This function uses a non-reentrant model


 *************** function _KernelClock *****************
 Defined at:
		line 61 in file "kernel.c"
 Parameters:    Size  Location     Type
		None
 Auto vars:     Size  Location     Type
  proc            1    6[COMRAM] unsigned char 
 Return value:  Size  Location     Type
                  1    wreg      void 
 Registers used:
		wreg, status,2, status,0, cstack
 Tracked objects:
		On entry : 
		On exit  : 
		Unchanged: 
 Data sizes:     COMRAM   BANK0   BANK1   BANK2   BANK3   BANK4   BANK5
      Params:         0       0       0       0       0       0       0
      Locals:         1       0       0       0       0       0       0
      Temps:          0       0       0       0       0       0       0
      Totals:         1       0       0       0       0       0       0
Total ram usage:        1 bytes
 Hardware stack levels used:    1
 Hardware stack levels required when called:    1
 This function calls:
		i2___awmod
 This function is called by:
		_ISR
 This function uses a non-reentrant model


 *************** function i2___awmod *****************
 Defined at:
		line 7 in file "C:\Program Files\Microchip\xc8\v2.20\pic\sources\c90\common\awmod.c"
 Parameters:    Size  Location     Type
  dividend        2    0[COMRAM] int 
  divisor         2    2[COMRAM] int 
 Auto vars:     Size  Location     Type
  sign            1    5[COMRAM] unsigned char 
  counter         1    4[COMRAM] unsigned char 
 Return value:  Size  Location     Type
                  2    0[COMRAM] int 
 Registers used:
		wreg, status,2, status,0
 Tracked objects:
		On entry : 
		On exit  : 
		Unchanged: 
 Data sizes:     COMRAM   BANK0   BANK1   BANK2   BANK3   BANK4   BANK5
      Params:         4       0       0       0       0       0       0
      Locals:         2       0       0       0       0       0       0
      Temps:          0       0       0       0       0       0       0
      Totals:         6       0       0       0       0       0       0
Total ram usage:        6 bytes
 Hardware stack levels used:    1
 This function calls:
		Nothing
 This function is called by:
		_KernelClock
 This function uses a non-reentrant model



MODULE INFORMATION

Module		Function		Class		Link	Load	Size
ssd.c
		_ssdInit       		CODE           	183C	0000	87

ssd.c estimated size: 87

C:\Program Files\Microchip\xc8\v2.20\pic\sources\c90\common\sprcadd.c
		___fladd       		CODE           	0612	0000	1217

C:\Program Files\Microchip\xc8\v2.20\pic\sources\c90\common\sprcadd.c estimated size: 1217

io.c
		_digitalWrite  		CODE           	0D20	0000	591
		_pinMode       		CODE           	0AD2	0000	591

io.c estimated size: 1182

timer.c
		_timerInit     		CODE           	1A00	0000	9

timer.c estimated size: 9

C:\Program Files\Microchip\xc8\v2.20\pic\sources\c90\common\xxtofl.c
		___xxtofl      		CODE           	1188	0000	437

C:\Program Files\Microchip\xc8\v2.20\pic\sources\c90\common\xxtofl.c estimated size: 437

kernel.c
		_KernelClock   		CODE           	192C	0000	57
		_kernelAddProc 		CODE           	133C	0000	265
		_kernelInit    		CODE           	19EC	0000	11
		_kernelLoop    		CODE           	0F6E	0000	539

kernel.c estimated size: 872

C:\Program Files\Microchip\xc8\v2.20\pic\sources\c90\common\awmod.c
		___awmod       		CODE           	154A	0000	177

C:\Program Files\Microchip\xc8\v2.20\pic\sources\c90\common\awmod.c estimated size: 177

shared
		__initialization		CODE           	18E6	0000	57
		_valor@ssd$F559		SMALLCONST     	0601	0000	17
		i2___awmod     		CODE           	15FA	0000	177

shared estimated size: 251

C:\Program Files\Microchip\xc8\v2.20\pic\sources\c90\common\fltol.c
		___fltol       		CODE           	1444	0000	263

C:\Program Files\Microchip\xc8\v2.20\pic\sources\c90\common\fltol.c estimated size: 263

lcd.c
		_lcdCommand    		CODE           	1746	0000	127
		_Delay40us     		CODE           	19D4	0000	25
		_lcdInit       		CODE           	17C4	0000	121
		_lcdData       		CODE           	1892	0000	85
		_Delay2ms      		CODE           	19B8	0000	29

lcd.c estimated size: 387

main.c
		_ISR           		CODE           	0008	0000	41
		_main          		CODE           	16AA	0000	157
		_interrupInit  		CODE           	19F6	0000	11

main.c estimated size: 209

